198.51.100.77 - - [26/Mar/2026:13:02:56 +0900] "POST /login HTTP/1.1" 401 453 "-" "Mozilla/5.0 (X11; Linux x86_64; rv:109.0) Gecko/20100101 Firefox/121.0"
198.51.100.77 - - [26/Mar/2026:13:00:24 +0900] "POST /login HTTP/1.1" 401 442 "-" "Mozilla/5.0 (Windows NT 10.0; Win64; x64) AppleWebKit/537.36 Chrome/120.0.0.0"
192.168.1.11 - - [26/Mar/2026:12:20:03 +0900] "GET /health HTTP/1.1" 200 38340 "-" "Mozilla/5.0 (Macintosh; Intel Mac OS X 10_15_7) AppleWebKit/537.36 Safari/537.36"
192.168.1.10 - - [26/Mar/2026:14:26:20 +0900] "GET /contact HTTP/1.1" 200 17075 "-" "Mozilla/5.0 (Windows NT 10.0; Win64; x64) AppleWebKit/537.36 Chrome/120.0.0.0"
198.51.100.77 - - [26/Mar/2026:13:00:26 +0900] "POST /login HTTP/1.1" 401 122 "-" "Mozilla/5.0 (X11; Linux x86_64; rv:109.0) Gecko/20100101 Firefox/121.0"
198.51.100.77 - - [26/Mar/2026:12:05:00 +0900] "GET /search?q=%3Cscript%3Ealert('XSS')%3C/script%3E HTTP/1.1" 200 1623 "-" "Mozilla/5.0 (Macintosh; Intel Mac OS X 10_15_7) AppleWebKit/537.36 Safari/537.36"
10.0.2.100 - - [26/Mar/2026:10:48:57 +0900] "GET / HTTP/1.1" 200 18761 "-" "Mozilla/5.0 (Windows NT 10.0; Win64; x64) AppleWebKit/537.36 Chrome/120.0.0.0"
198.51.100.77 - - [26/Mar/2026:13:03:10 +0900] "POST /login HTTP/1.1" 200 244 "-" "Mozilla/5.0 (X11; Linux x86_64; rv:109.0) Gecko/20100101 Firefox/121.0"
192.168.1.12 - - [26/Mar/2026:13:54:11 +0900] "GET /api/products HTTP/1.1" 200 35902 "-" "Mozilla/5.0 (X11; Linux x86_64; rv:109.0) Gecko/20100101 Firefox/121.0"
10.0.1.51 - - [26/Mar/2026:14:05:35 +0900] "GET /profile HTTP/1.1" 200 1469 "-" "Mozilla/5.0 (X11; Linux x86_64; rv:109.0) Gecko/20100101 Firefox/121.0"
192.168.1.10 - - [26/Mar/2026:09:53:14 +0900] "POST /api/users HTTP/1.1" 200 21619 "-" "Mozilla/5.0 (Macintosh; Intel Mac OS X 10_15_7) AppleWebKit/537.36 Safari/537.36"
10.0.1.51 - - [26/Mar/2026:09:18:57 +0900] "GET /css/style.css HTTP/1.1" 200 15299 "-" "Mozilla/5.0 (X11; Linux x86_64; rv:109.0) Gecko/20100101 Firefox/121.0"
192.168.1.12 - - [26/Mar/2026:12:41:45 +0900] "GET /js/app.js HTTP/1.1" 200 35684 "-" "Mozilla/5.0 (Macintosh; Intel Mac OS X 10_15_7) AppleWebKit/537.36 Safari/537.36"
10.0.1.52 - - [26/Mar/2026:10:46:40 +0900] "POST /index.html HTTP/1.1" 200 12369 "-" "Mozilla/5.0 (Macintosh; Intel Mac OS X 10_15_7) AppleWebKit/537.36 Safari/537.36"
10.0.1.51 - - [26/Mar/2026:09:00:08 +0900] "POST /about HTTP/1.1" 301 46500 "-" "Mozilla/5.0 (Macintosh; Intel Mac OS X 10_15_7) AppleWebKit/537.36 Safari/537.36"
10.0.1.50 - - [26/Mar/2026:12:54:49 +0900] "GET /images/logo.png HTTP/1.1" 200 1760 "-" "Mozilla/5.0 (X11; Linux x86_64; rv:109.0) Gecko/20100101 Firefox/121.0"
10.0.1.50 - - [26/Mar/2026:09:04:04 +0900] "POST /contact HTTP/1.1" 200 26824 "-" "Mozilla/5.0 (X11; Linux x86_64; rv:109.0) Gecko/20100101 Firefox/121.0"
192.168.1.11 - - [26/Mar/2026:13:00:28 +0900] "GET /js/app.js HTTP/1.1" 200 32016 "-" "Mozilla/5.0 (Macintosh; Intel Mac OS X 10_15_7) AppleWebKit/537.36 Safari/537.36"
192.168.1.11 - - [26/Mar/2026:13:49:56 +0900] "GET /dashboard HTTP/1.1" 404 1649 "-" "Mozilla/5.0 (X11; Linux x86_64; rv:109.0) Gecko/20100101 Firefox/121.0"
10.0.1.51 - - [26/Mar/2026:09:06:09 +0900] "GET /js/app.js HTTP/1.1" 304 11071 "-" "Mozilla/5.0 (Windows NT 10.0; Win64; x64) AppleWebKit/537.36 Chrome/120.0.0.0"
192.168.1.11 - - [26/Mar/2026:09:22:33 +0900] "POST /about HTTP/1.1" 200 7956 "-" "Mozilla/5.0 (Windows NT 10.0; Win64; x64) AppleWebKit/537.36 Chrome/120.0.0.0"
10.0.1.50 - - [26/Mar/2026:10:13:41 +0900] "GET /index.html HTTP/1.1" 200 46563 "-" "Mozilla/5.0 (Windows NT 10.0; Win64; x64) AppleWebKit/537.36 Chrome/120.0.0.0"
198.51.100.77 - - [26/Mar/2026:13:00:50 +0900] "POST /login HTTP/1.1" 401 318 "-" "Mozilla/5.0 (X11; Linux x86_64; rv:109.0) Gecko/20100101 Firefox/121.0"
10.0.2.101 - - [26/Mar/2026:09:06:50 +0900] "GET /logout HTTP/1.1" 200 679 "-" "Mozilla/5.0 (Windows NT 10.0; Win64; x64) AppleWebKit/537.36 Chrome/120.0.0.0"
192.168.1.11 - - [26/Mar/2026:10:06:31 +0900] "POST /index.html HTTP/1.1" 200 48410 "-" "Mozilla/5.0 (X11; Linux x86_64; rv:109.0) Gecko/20100101 Firefox/121.0"
192.168.1.10 - - [26/Mar/2026:14:49:40 +0900] "POST /about HTTP/1.1" 200 12919 "-" "Mozilla/5.0 (X11; Linux x86_64; rv:109.0) Gecko/20100101 Firefox/121.0"
10.0.1.50 - - [26/Mar/2026:09:16:33 +0900] "POST /api/products HTTP/1.1" 200 13693 "-" "Mozilla/5.0 (X11; Linux x86_64; rv:109.0) Gecko/20100101 Firefox/121.0"
10.0.2.101 - - [26/Mar/2026:10:23:42 +0900] "GET /api/products HTTP/1.1" 200 20316 "-" "Mozilla/5.0 (X11; Linux x86_64; rv:109.0) Gecko/20100101 Firefox/121.0"
198.51.100.77 - - [26/Mar/2026:13:00:08 +0900] "POST /login HTTP/1.1" 401 103 "-" "Mozilla/5.0 (X11; Linux x86_64; rv:109.0) Gecko/20100101 Firefox/121.0"
198.51.100.77 - - [26/Mar/2026:13:01:36 +0900] "POST /login HTTP/1.1" 401 325 "-" "Mozilla/5.0 (Windows NT 10.0; Win64; x64) AppleWebKit/537.36 Chrome/120.0.0.0"
192.168.1.11 - - [26/Mar/2026:13:34:55 +0900] "GET /about HTTP/1.1" 301 42472 "-" "Mozilla/5.0 (Macintosh; Intel Mac OS X 10_15_7) AppleWebKit/537.36 Safari/537.36"
192.168.1.12 - - [26/Mar/2026:12:42:31 +0900] "POST /contact HTTP/1.1" 304 43531 "-" "Mozilla/5.0 (X11; Linux x86_64; rv:109.0) Gecko/20100101 Firefox/121.0"
10.0.2.100 - - [26/Mar/2026:11:30:00 +0900] "GET /images/logo.png HTTP/1.1" 404 42010 "-" "Mozilla/5.0 (Macintosh; Intel Mac OS X 10_15_7) AppleWebKit/537.36 Safari/537.36"
192.168.1.10 - - [26/Mar/2026:12:10:17 +0900] "POST /health HTTP/1.1" 304 3044 "-" "Mozilla/5.0 (X11; Linux x86_64; rv:109.0) Gecko/20100101 Firefox/121.0"
192.168.1.11 - - [26/Mar/2026:14:50:51 +0900] "POST /dashboard HTTP/1.1" 200 15601 "-" "Mozilla/5.0 (X11; Linux x86_64; rv:109.0) Gecko/20100101 Firefox/121.0"
198.51.100.77 - - [26/Mar/2026:13:03:12 +0900] "POST /login HTTP/1.1" 200 318 "-" "Mozilla/5.0 (X11; Linux x86_64; rv:109.0) Gecko/20100101 Firefox/121.0"
10.0.1.50 - - [26/Mar/2026:13:15:01 +0900] "GET /api/users HTTP/1.1" 200 18071 "-" "Mozilla/5.0 (X11; Linux x86_64; rv:109.0) Gecko/20100101 Firefox/121.0"
192.168.1.11 - - [26/Mar/2026:09:10:31 +0900] "GET /images/logo.png HTTP/1.1" 200 19393 "-" "Mozilla/5.0 (Windows NT 10.0; Win64; x64) AppleWebKit/537.36 Chrome/120.0.0.0"
198.51.100.77 - - [26/Mar/2026:13:01:08 +0900] "POST /login HTTP/1.1" 401 446 "-" "Mozilla/5.0 (Macintosh; Intel Mac OS X 10_15_7) AppleWebKit/537.36 Safari/537.36"
10.0.1.51 - - [26/Mar/2026:13:40:03 +0900] "GET /js/app.js HTTP/1.1" 200 48805 "-" "Mozilla/5.0 (Macintosh; Intel Mac OS X 10_15_7) AppleWebKit/537.36 Safari/537.36"
10.0.2.100 - - [26/Mar/2026:10:43:36 +0900] "GET /contact HTTP/1.1" 200 15697 "-" "Mozilla/5.0 (Windows NT 10.0; Win64; x64) AppleWebKit/537.36 Chrome/120.0.0.0"
10.0.1.50 - - [26/Mar/2026:09:13:00 +0900] "POST /contact HTTP/1.1" 200 7239 "-" "Mozilla/5.0 (Windows NT 10.0; Win64; x64) AppleWebKit/537.36 Chrome/120.0.0.0"
198.51.100.77 - - [26/Mar/2026:13:01:16 +0900] "POST /login HTTP/1.1" 401 182 "-" "Mozilla/5.0 (Macintosh; Intel Mac OS X 10_15_7) AppleWebKit/537.36 Safari/537.36"
10.0.2.101 - - [26/Mar/2026:13:22:44 +0900] "POST / HTTP/1.1" 200 29508 "-" "Mozilla/5.0 (Macintosh; Intel Mac OS X 10_15_7) AppleWebKit/537.36 Safari/537.36"
10.0.1.51 - - [26/Mar/2026:13:01:35 +0900] "POST /api/status HTTP/1.1" 200 4337 "-" "Mozilla/5.0 (Macintosh; Intel Mac OS X 10_15_7) AppleWebKit/537.36 Safari/537.36"
198.51.100.77 - - [26/Mar/2026:13:02:32 +0900] "POST /login HTTP/1.1" 401 183 "-" "Mozilla/5.0 (X11; Linux x86_64; rv:109.0) Gecko/20100101 Firefox/121.0"
10.0.1.50 - - [26/Mar/2026:11:55:27 +0900] "GET /css/style.css HTTP/1.1" 404 48810 "-" "Mozilla/5.0 (X11; Linux x86_64; rv:109.0) Gecko/20100101 Firefox/121.0"
10.0.2.101 - - [26/Mar/2026:12:45:59 +0900] "POST /health HTTP/1.1" 200 14481 "-" "Mozilla/5.0 (X11; Linux x86_64; rv:109.0) Gecko/20100101 Firefox/121.0"
198.51.100.77 - - [26/Mar/2026:13:00:48 +0900] "POST /login HTTP/1.1" 401 395 "-" "Mozilla/5.0 (Macintosh; Intel Mac OS X 10_15_7) AppleWebKit/537.36 Safari/537.36"
198.51.100.77 - - [26/Mar/2026:13:00:36 +0900] "POST /login HTTP/1.1" 401 335 "-" "Mozilla/5.0 (Macintosh; Intel Mac OS X 10_15_7) AppleWebKit/537.36 Safari/537.36"
10.0.1.52 - - [26/Mar/2026:09:29:11 +0900] "POST /profile HTTP/1.1" 200 18588 "-" "Mozilla/5.0 (X11; Linux x86_64; rv:109.0) Gecko/20100101 Firefox/121.0"
10.0.2.101 - - [26/Mar/2026:14:46:08 +0900] "GET / HTTP/1.1" 200 14106 "-" "Mozilla/5.0 (Macintosh; Intel Mac OS X 10_15_7) AppleWebKit/537.36 Safari/537.36"
10.0.1.51 - - [26/Mar/2026:12:38:52 +0900] "POST /api/products HTTP/1.1" 200 14765 "-" "Mozilla/5.0 (X11; Linux x86_64; rv:109.0) Gecko/20100101 Firefox/121.0"
198.51.100.77 - - [26/Mar/2026:13:02:22 +0900] "POST /login HTTP/1.1" 401 312 "-" "Mozilla/5.0 (Macintosh; Intel Mac OS X 10_15_7) AppleWebKit/537.36 Safari/537.36"
192.168.1.11 - - [26/Mar/2026:12:13:28 +0900] "GET /dashboard HTTP/1.1" 200 16247 "-" "Mozilla/5.0 (X11; Linux x86_64; rv:109.0) Gecko/20100101 Firefox/121.0"
10.0.2.100 - - [26/Mar/2026:14:37:46 +0900] "POST /health HTTP/1.1" 200 21781 "-" "Mozilla/5.0 (Windows NT 10.0; Win64; x64) AppleWebKit/537.36 Chrome/120.0.0.0"
10.0.1.50 - - [26/Mar/2026:11:36:13 +0900] "POST /api/status HTTP/1.1" 200 18587 "-" "Mozilla/5.0 (Macintosh; Intel Mac OS X 10_15_7) AppleWebKit/537.36 Safari/537.36"
198.51.100.77 - - [26/Mar/2026:13:00:46 +0900] "POST /login HTTP/1.1" 401 106 "-" "Mozilla/5.0 (Windows NT 10.0; Win64; x64) AppleWebKit/537.36 Chrome/120.0.0.0"
198.51.100.77 - - [26/Mar/2026:13:02:54 +0900] "POST /login HTTP/1.1" 401 197 "-" "Mozilla/5.0 (Macintosh; Intel Mac OS X 10_15_7) AppleWebKit/537.36 Safari/537.36"
10.0.1.50 - - [26/Mar/2026:11:16:06 +0900] "POST /about HTTP/1.1" 200 32217 "-" "Mozilla/5.0 (X11; Linux x86_64; rv:109.0) Gecko/20100101 Firefox/121.0"
192.168.1.12 - - [26/Mar/2026:09:35:43 +0900] "GET /about HTTP/1.1" 200 48943 "-" "Mozilla/5.0 (X11; Linux x86_64; rv:109.0) Gecko/20100101 Firefox/121.0"
198.51.100.77 - - [26/Mar/2026:13:02:02 +0900] "POST /login HTTP/1.1" 401 312 "-" "Mozilla/5.0 (Macintosh; Intel Mac OS X 10_15_7) AppleWebKit/537.36 Safari/537.36"
10.0.1.52 - - [26/Mar/2026:10:53:57 +0900] "POST /api/users HTTP/1.1" 200 13406 "-" "Mozilla/5.0 (Macintosh; Intel Mac OS X 10_15_7) AppleWebKit/537.36 Safari/537.36"
185.220.101.33 - - [26/Mar/2026:11:17:00 +0900] "GET /search?q=test'%20UNION%20SELECT%20NULL,table_name%20FROM%20information_schema.tables-- HTTP/1.1" 403 1598 "-" "sqlmap/1.7.12#stable (https://sqlmap.org)"
10.0.2.100 - - [26/Mar/2026:14:59:09 +0900] "GET /profile HTTP/1.1" 404 29060 "-" "Mozilla/5.0 (Windows NT 10.0; Win64; x64) AppleWebKit/537.36 Chrome/120.0.0.0"
10.0.1.51 - - [26/Mar/2026:14:52:11 +0900] "GET / HTTP/1.1" 304 30550 "-" "Mozilla/5.0 (X11; Linux x86_64; rv:109.0) Gecko/20100101 Firefox/121.0"
10.0.1.52 - - [26/Mar/2026:09:36:03 +0900] "POST /health HTTP/1.1" 304 37446 "-" "Mozilla/5.0 (X11; Linux x86_64; rv:109.0) Gecko/20100101 Firefox/121.0"
198.51.100.77 - - [26/Mar/2026:13:02:18 +0900] "POST /login HTTP/1.1" 401 340 "-" "Mozilla/5.0 (Macintosh; Intel Mac OS X 10_15_7) AppleWebKit/537.36 Safari/537.36"
198.51.100.77 - - [26/Mar/2026:13:02:26 +0900] "POST /login HTTP/1.1" 401 440 "-" "Mozilla/5.0 (Macintosh; Intel Mac OS X 10_15_7) AppleWebKit/537.36 Safari/537.36"
10.0.1.50 - - [26/Mar/2026:10:21:16 +0900] "GET /logout HTTP/1.1" 200 27153 "-" "Mozilla/5.0 (Macintosh; Intel Mac OS X 10_15_7) AppleWebKit/537.36 Safari/537.36"
192.168.1.10 - - [26/Mar/2026:10:32:32 +0900] "GET /about HTTP/1.1" 404 9129 "-" "Mozilla/5.0 (X11; Linux x86_64; rv:109.0) Gecko/20100101 Firefox/121.0"
10.0.2.100 - - [26/Mar/2026:11:55:32 +0900] "GET /api/users HTTP/1.1" 200 11328 "-" "Mozilla/5.0 (Windows NT 10.0; Win64; x64) AppleWebKit/537.36 Chrome/120.0.0.0"
10.0.2.101 - - [26/Mar/2026:12:14:04 +0900] "POST /api/status HTTP/1.1" 200 21341 "-" "Mozilla/5.0 (X11; Linux x86_64; rv:109.0) Gecko/20100101 Firefox/121.0"
198.51.100.77 - - [26/Mar/2026:13:01:30 +0900] "POST /login HTTP/1.1" 401 454 "-" "Mozilla/5.0 (Macintosh; Intel Mac OS X 10_15_7) AppleWebKit/537.36 Safari/537.36"
192.168.1.12 - - [26/Mar/2026:12:41:27 +0900] "GET /health HTTP/1.1" 200 2102 "-" "Mozilla/5.0 (X11; Linux x86_64; rv:109.0) Gecko/20100101 Firefox/121.0"
198.51.100.77 - - [26/Mar/2026:13:02:24 +0900] "POST /login HTTP/1.1" 401 264 "-" "Mozilla/5.0 (Macintosh; Intel Mac OS X 10_15_7) AppleWebKit/537.36 Safari/537.36"
192.168.1.12 - - [26/Mar/2026:11:11:15 +0900] "GET /api/status HTTP/1.1" 200 1166 "-" "Mozilla/5.0 (Windows NT 10.0; Win64; x64) AppleWebKit/537.36 Chrome/120.0.0.0"
10.0.2.100 - - [26/Mar/2026:14:01:27 +0900] "GET /css/style.css HTTP/1.1" 200 25119 "-" "Mozilla/5.0 (X11; Linux x86_64; rv:109.0) Gecko/20100101 Firefox/121.0"
192.168.1.11 - - [26/Mar/2026:10:46:28 +0900] "GET /logout HTTP/1.1" 200 32488 "-" "Mozilla/5.0 (Macintosh; Intel Mac OS X 10_15_7) AppleWebKit/537.36 Safari/537.36"
10.0.2.100 - - [26/Mar/2026:12:41:00 +0900] "POST /login HTTP/1.1" 200 19668 "-" "Mozilla/5.0 (Macintosh; Intel Mac OS X 10_15_7) AppleWebKit/537.36 Safari/537.36"
198.51.100.77 - - [26/Mar/2026:13:00:18 +0900] "POST /login HTTP/1.1" 401 394 "-" "Mozilla/5.0 (X11; Linux x86_64; rv:109.0) Gecko/20100101 Firefox/121.0"
10.0.1.51 - - [26/Mar/2026:14:25:14 +0900] "GET /css/style.css HTTP/1.1" 200 6740 "-" "Mozilla/5.0 (X11; Linux x86_64; rv:109.0) Gecko/20100101 Firefox/121.0"
10.0.1.52 - - [26/Mar/2026:09:25:48 +0900] "POST /contact HTTP/1.1" 200 47246 "-" "Mozilla/5.0 (Windows NT 10.0; Win64; x64) AppleWebKit/537.36 Chrome/120.0.0.0"
10.0.2.100 - - [26/Mar/2026:10:28:33 +0900] "GET /js/app.js HTTP/1.1" 200 46567 "-" "Mozilla/5.0 (Macintosh; Intel Mac OS X 10_15_7) AppleWebKit/537.36 Safari/537.36"
10.0.1.52 - - [26/Mar/2026:10:02:45 +0900] "GET /dashboard HTTP/1.1" 200 26875 "-" "Mozilla/5.0 (Macintosh; Intel Mac OS X 10_15_7) AppleWebKit/537.36 Safari/537.36"
198.51.100.77 - - [26/Mar/2026:13:00:04 +0900] "POST /login HTTP/1.1" 401 347 "-" "Mozilla/5.0 (Macintosh; Intel Mac OS X 10_15_7) AppleWebKit/537.36 Safari/537.36"
10.0.1.50 - - [26/Mar/2026:10:42:00 +0900] "GET /js/app.js HTTP/1.1" 200 4816 "-" "Mozilla/5.0 (Macintosh; Intel Mac OS X 10_15_7) AppleWebKit/537.36 Safari/537.36"
10.0.2.100 - - [26/Mar/2026:09:52:37 +0900] "GET /css/style.css HTTP/1.1" 200 29095 "-" "Mozilla/5.0 (X11; Linux x86_64; rv:109.0) Gecko/20100101 Firefox/121.0"
198.51.100.77 - - [26/Mar/2026:13:01:38 +0900] "POST /login HTTP/1.1" 401 351 "-" "Mozilla/5.0 (Windows NT 10.0; Win64; x64) AppleWebKit/537.36 Chrome/120.0.0.0"
192.168.1.11 - - [26/Mar/2026:10:42:10 +0900] "GET /css/style.css HTTP/1.1" 200 16295 "-" "Mozilla/5.0 (X11; Linux x86_64; rv:109.0) Gecko/20100101 Firefox/121.0"
198.51.100.77 - - [26/Mar/2026:13:03:00 +0900] "POST /login HTTP/1.1" 401 500 "-" "Mozilla/5.0 (Macintosh; Intel Mac OS X 10_15_7) AppleWebKit/537.36 Safari/537.36"
10.0.1.51 - - [26/Mar/2026:14:44:25 +0900] "GET /logout HTTP/1.1" 404 37946 "-" "Mozilla/5.0 (Windows NT 10.0; Win64; x64) AppleWebKit/537.36 Chrome/120.0.0.0"
10.0.1.50 - - [26/Mar/2026:10:43:43 +0900] "GET /dashboard HTTP/1.1" 200 37027 "-" "Mozilla/5.0 (Windows NT 10.0; Win64; x64) AppleWebKit/537.36 Chrome/120.0.0.0"
198.51.100.77 - - [26/Mar/2026:13:03:18 +0900] "POST /login HTTP/1.1" 200 231 "-" "Mozilla/5.0 (X11; Linux x86_64; rv:109.0) Gecko/20100101 Firefox/121.0"
198.51.100.77 - - [26/Mar/2026:13:01:04 +0900] "POST /login HTTP/1.1" 401 482 "-" "Mozilla/5.0 (X11; Linux x86_64; rv:109.0) Gecko/20100101 Firefox/121.0"
10.0.1.52 - - [26/Mar/2026:11:56:59 +0900] "POST /profile HTTP/1.1" 404 37183 "-" "Mozilla/5.0 (Macintosh; Intel Mac OS X 10_15_7) AppleWebKit/537.36 Safari/537.36"
10.0.2.101 - - [26/Mar/2026:13:39:41 +0900] "GET /health HTTP/1.1" 404 37734 "-" "Mozilla/5.0 (Windows NT 10.0; Win64; x64) AppleWebKit/537.36 Chrome/120.0.0.0"
10.0.2.101 - - [26/Mar/2026:14:01:23 +0900] "GET /js/app.js HTTP/1.1" 200 34685 "-" "Mozilla/5.0 (X11; Linux x86_64; rv:109.0) Gecko/20100101 Firefox/121.0"
10.0.2.100 - - [26/Mar/2026:10:02:28 +0900] "GET /contact HTTP/1.1" 200 23923 "-" "Mozilla/5.0 (Windows NT 10.0; Win64; x64) AppleWebKit/537.36 Chrome/120.0.0.0"
10.0.1.50 - - [26/Mar/2026:09:01:27 +0900] "POST /health HTTP/1.1" 200 13346 "-" "Mozilla/5.0 (Macintosh; Intel Mac OS X 10_15_7) AppleWebKit/537.36 Safari/537.36"
10.0.1.51 - - [26/Mar/2026:10:28:50 +0900] "GET /api/products HTTP/1.1" 200 13980 "-" "Mozilla/5.0 (Macintosh; Intel Mac OS X 10_15_7) AppleWebKit/537.36 Safari/537.36"
192.168.1.12 - - [26/Mar/2026:11:23:18 +0900] "POST /logout HTTP/1.1" 200 15709 "-" "Mozilla/5.0 (Macintosh; Intel Mac OS X 10_15_7) AppleWebKit/537.36 Safari/537.36"
10.0.1.51 - - [26/Mar/2026:13:30:15 +0900] "GET /logout HTTP/1.1" 200 14819 "-" "Mozilla/5.0 (Macintosh; Intel Mac OS X 10_15_7) AppleWebKit/537.36 Safari/537.36"
10.0.2.101 - - [26/Mar/2026:10:53:00 +0900] "POST /api/products HTTP/1.1" 200 431 "-" "Mozilla/5.0 (Windows NT 10.0; Win64; x64) AppleWebKit/537.36 Chrome/120.0.0.0"
192.168.1.11 - - [26/Mar/2026:09:20:03 +0900] "POST /profile HTTP/1.1" 301 36297 "-" "Mozilla/5.0 (X11; Linux x86_64; rv:109.0) Gecko/20100101 Firefox/121.0"
192.168.1.10 - - [26/Mar/2026:11:18:28 +0900] "GET /css/style.css HTTP/1.1" 200 16536 "-" "Mozilla/5.0 (Macintosh; Intel Mac OS X 10_15_7) AppleWebKit/537.36 Safari/537.36"
10.0.2.100 - - [26/Mar/2026:11:38:50 +0900] "GET /logout HTTP/1.1" 304 47439 "-" "Mozilla/5.0 (Windows NT 10.0; Win64; x64) AppleWebKit/537.36 Chrome/120.0.0.0"
10.0.1.52 - - [26/Mar/2026:10:30:41 +0900] "POST /login HTTP/1.1" 200 30290 "-" "Mozilla/5.0 (X11; Linux x86_64; rv:109.0) Gecko/20100101 Firefox/121.0"
10.0.2.101 - - [26/Mar/2026:12:08:56 +0900] "POST /api/users HTTP/1.1" 200 19528 "-" "Mozilla/5.0 (X11; Linux x86_64; rv:109.0) Gecko/20100101 Firefox/121.0"
198.51.100.77 - - [26/Mar/2026:13:02:00 +0900] "POST /login HTTP/1.1" 401 408 "-" "Mozilla/5.0 (Windows NT 10.0; Win64; x64) AppleWebKit/537.36 Chrome/120.0.0.0"
10.0.1.52 - - [26/Mar/2026:13:25:11 +0900] "GET / HTTP/1.1" 200 22097 "-" "Mozilla/5.0 (Macintosh; Intel Mac OS X 10_15_7) AppleWebKit/537.36 Safari/537.36"
10.0.1.51 - - [26/Mar/2026:11:53:20 +0900] "GET /api/products HTTP/1.1" 200 25262 "-" "Mozilla/5.0 (X11; Linux x86_64; rv:109.0) Gecko/20100101 Firefox/121.0"
10.0.1.51 - - [26/Mar/2026:14:32:22 +0900] "GET /login HTTP/1.1" 200 11885 "-" "Mozilla/5.0 (X11; Linux x86_64; rv:109.0) Gecko/20100101 Firefox/121.0"
192.168.1.11 - - [26/Mar/2026:13:31:37 +0900] "POST /health HTTP/1.1" 200 30008 "-" "Mozilla/5.0 (X11; Linux x86_64; rv:109.0) Gecko/20100101 Firefox/121.0"
192.168.1.12 - - [26/Mar/2026:14:43:16 +0900] "POST /index.html HTTP/1.1" 200 18346 "-" "Mozilla/5.0 (Macintosh; Intel Mac OS X 10_15_7) AppleWebKit/537.36 Safari/537.36"
198.51.100.77 - - [26/Mar/2026:13:03:06 +0900] "POST /login HTTP/1.1" 401 362 "-" "Mozilla/5.0 (Macintosh; Intel Mac OS X 10_15_7) AppleWebKit/537.36 Safari/537.36"
192.168.1.10 - - [26/Mar/2026:14:07:11 +0900] "GET /profile HTTP/1.1" 200 25011 "-" "Mozilla/5.0 (Windows NT 10.0; Win64; x64) AppleWebKit/537.36 Chrome/120.0.0.0"
10.0.1.52 - - [26/Mar/2026:13:34:46 +0900] "POST /contact HTTP/1.1" 200 38590 "-" "Mozilla/5.0 (X11; Linux x86_64; rv:109.0) Gecko/20100101 Firefox/121.0"
10.0.1.52 - - [26/Mar/2026:12:17:01 +0900] "POST /profile HTTP/1.1" 200 7436 "-" "Mozilla/5.0 (X11; Linux x86_64; rv:109.0) Gecko/20100101 Firefox/121.0"
10.0.1.50 - - [26/Mar/2026:10:57:35 +0900] "GET /about HTTP/1.1" 200 6047 "-" "Mozilla/5.0 (X11; Linux x86_64; rv:109.0) Gecko/20100101 Firefox/121.0"
192.168.1.11 - - [26/Mar/2026:13:14:06 +0900] "POST /logout HTTP/1.1" 200 8922 "-" "Mozilla/5.0 (X11; Linux x86_64; rv:109.0) Gecko/20100101 Firefox/121.0"
10.0.1.51 - - [26/Mar/2026:13:18:29 +0900] "GET /api/products HTTP/1.1" 301 23795 "-" "Mozilla/5.0 (Windows NT 10.0; Win64; x64) AppleWebKit/537.36 Chrome/120.0.0.0"
192.168.1.10 - - [26/Mar/2026:10:19:04 +0900] "GET /images/logo.png HTTP/1.1" 200 36354 "-" "Mozilla/5.0 (Windows NT 10.0; Win64; x64) AppleWebKit/537.36 Chrome/120.0.0.0"
10.0.1.52 - - [26/Mar/2026:12:24:00 +0900] "POST /dashboard HTTP/1.1" 200 2130 "-" "Mozilla/5.0 (X11; Linux x86_64; rv:109.0) Gecko/20100101 Firefox/121.0"
10.0.2.101 - - [26/Mar/2026:12:32:28 +0900] "GET /api/users HTTP/1.1" 200 30981 "-" "Mozilla/5.0 (Windows NT 10.0; Win64; x64) AppleWebKit/537.36 Chrome/120.0.0.0"
192.168.1.11 - - [26/Mar/2026:14:03:07 +0900] "POST /dashboard HTTP/1.1" 304 24156 "-" "Mozilla/5.0 (X11; Linux x86_64; rv:109.0) Gecko/20100101 Firefox/121.0"
10.0.1.51 - - [26/Mar/2026:11:43:54 +0900] "POST /contact HTTP/1.1" 200 20751 "-" "Mozilla/5.0 (Macintosh; Intel Mac OS X 10_15_7) AppleWebKit/537.36 Safari/537.36"
192.168.1.10 - - [26/Mar/2026:10:20:24 +0900] "GET /index.html HTTP/1.1" 200 32819 "-" "Mozilla/5.0 (Windows NT 10.0; Win64; x64) AppleWebKit/537.36 Chrome/120.0.0.0"
10.0.1.50 - - [26/Mar/2026:10:37:45 +0900] "GET /about HTTP/1.1" 200 44653 "-" "Mozilla/5.0 (Macintosh; Intel Mac OS X 10_15_7) AppleWebKit/537.36 Safari/537.36"
10.0.2.100 - - [26/Mar/2026:09:12:57 +0900] "GET /dashboard HTTP/1.1" 200 12794 "-" "Mozilla/5.0 (Macintosh; Intel Mac OS X 10_15_7) AppleWebKit/537.36 Safari/537.36"
10.0.1.51 - - [26/Mar/2026:13:44:26 +0900] "GET /profile HTTP/1.1" 304 5565 "-" "Mozilla/5.0 (X11; Linux x86_64; rv:109.0) Gecko/20100101 Firefox/121.0"
198.51.100.77 - - [26/Mar/2026:13:02:28 +0900] "POST /login HTTP/1.1" 401 252 "-" "Mozilla/5.0 (Windows NT 10.0; Win64; x64) AppleWebKit/537.36 Chrome/120.0.0.0"
10.0.2.100 - - [26/Mar/2026:10:05:56 +0900] "GET /images/logo.png HTTP/1.1" 200 12035 "-" "Mozilla/5.0 (Windows NT 10.0; Win64; x64) AppleWebKit/537.36 Chrome/120.0.0.0"
203.0.113.42 - - [26/Mar/2026:11:15:00 +0900] "GET /login?username=%27%20OR%20%271%27%3D%271&password=%27%20OR%20%271%27%3D%271 HTTP/1.1" 500 2556 "-" "sqlmap/1.7.12#stable (https://sqlmap.org)"
198.51.100.77 - - [26/Mar/2026:13:03:02 +0900] "POST /login HTTP/1.1" 401 358 "-" "Mozilla/5.0 (Macintosh; Intel Mac OS X 10_15_7) AppleWebKit/537.36 Safari/537.36"
10.0.2.101 - - [26/Mar/2026:09:37:15 +0900] "POST /about HTTP/1.1" 304 41403 "-" "Mozilla/5.0 (X11; Linux x86_64; rv:109.0) Gecko/20100101 Firefox/121.0"
10.0.1.50 - - [26/Mar/2026:14:37:55 +0900] "GET /api/status HTTP/1.1" 301 9127 "-" "Mozilla/5.0 (Windows NT 10.0; Win64; x64) AppleWebKit/537.36 Chrome/120.0.0.0"
10.0.1.51 - - [26/Mar/2026:11:28:43 +0900] "GET /login HTTP/1.1" 200 40620 "-" "Mozilla/5.0 (Macintosh; Intel Mac OS X 10_15_7) AppleWebKit/537.36 Safari/537.36"
10.0.2.100 - - [26/Mar/2026:11:42:50 +0900] "POST /logout HTTP/1.1" 200 18886 "-" "Mozilla/5.0 (Windows NT 10.0; Win64; x64) AppleWebKit/537.36 Chrome/120.0.0.0"
10.0.2.101 - - [26/Mar/2026:12:25:27 +0900] "POST /dashboard HTTP/1.1" 200 43852 "-" "Mozilla/5.0 (X11; Linux x86_64; rv:109.0) Gecko/20100101 Firefox/121.0"
192.168.1.11 - - [26/Mar/2026:09:38:12 +0900] "GET /profile HTTP/1.1" 200 17188 "-" "Mozilla/5.0 (Windows NT 10.0; Win64; x64) AppleWebKit/537.36 Chrome/120.0.0.0"
192.168.1.12 - - [26/Mar/2026:10:07:14 +0900] "POST /index.html HTTP/1.1" 200 19837 "-" "Mozilla/5.0 (Windows NT 10.0; Win64; x64) AppleWebKit/537.36 Chrome/120.0.0.0"
10.0.1.52 - - [26/Mar/2026:14:31:23 +0900] "POST /health HTTP/1.1" 200 27099 "-" "Mozilla/5.0 (X11; Linux x86_64; rv:109.0) Gecko/20100101 Firefox/121.0"
198.51.100.77 - - [26/Mar/2026:13:01:00 +0900] "POST /login HTTP/1.1" 401 252 "-" "Mozilla/5.0 (X11; Linux x86_64; rv:109.0) Gecko/20100101 Firefox/121.0"
192.168.1.10 - - [26/Mar/2026:11:21:24 +0900] "POST /logout HTTP/1.1" 200 49986 "-" "Mozilla/5.0 (Windows NT 10.0; Win64; x64) AppleWebKit/537.36 Chrome/120.0.0.0"
10.0.1.50 - - [26/Mar/2026:10:53:54 +0900] "GET /images/logo.png HTTP/1.1" 404 18811 "-" "Mozilla/5.0 (X11; Linux x86_64; rv:109.0) Gecko/20100101 Firefox/121.0"
10.0.1.52 - - [26/Mar/2026:11:19:53 +0900] "GET /api/status HTTP/1.1" 200 1966 "-" "Mozilla/5.0 (Macintosh; Intel Mac OS X 10_15_7) AppleWebKit/537.36 Safari/537.36"
192.168.1.11 - - [26/Mar/2026:10:42:33 +0900] "GET /api/status HTTP/1.1" 200 19588 "-" "Mozilla/5.0 (Windows NT 10.0; Win64; x64) AppleWebKit/537.36 Chrome/120.0.0.0"
10.0.1.51 - - [26/Mar/2026:11:13:47 +0900] "GET /health HTTP/1.1" 404 37355 "-" "Mozilla/5.0 (Windows NT 10.0; Win64; x64) AppleWebKit/537.36 Chrome/120.0.0.0"
198.51.100.77 - - [26/Mar/2026:13:00:12 +0900] "POST /login HTTP/1.1" 401 392 "-" "Mozilla/5.0 (X11; Linux x86_64; rv:109.0) Gecko/20100101 Firefox/121.0"
192.168.1.10 - - [26/Mar/2026:10:30:08 +0900] "POST /about HTTP/1.1" 200 29397 "-" "Mozilla/5.0 (Macintosh; Intel Mac OS X 10_15_7) AppleWebKit/537.36 Safari/537.36"
10.0.1.50 - - [26/Mar/2026:11:11:06 +0900] "POST /api/users HTTP/1.1" 304 12956 "-" "Mozilla/5.0 (Windows NT 10.0; Win64; x64) AppleWebKit/537.36 Chrome/120.0.0.0"
192.168.1.11 - - [26/Mar/2026:10:36:42 +0900] "GET /api/products HTTP/1.1" 200 28784 "-" "Mozilla/5.0 (Macintosh; Intel Mac OS X 10_15_7) AppleWebKit/537.36 Safari/537.36"
10.0.2.100 - - [26/Mar/2026:12:07:09 +0900] "GET /dashboard HTTP/1.1" 200 35703 "-" "Mozilla/5.0 (X11; Linux x86_64; rv:109.0) Gecko/20100101 Firefox/121.0"
198.51.100.77 - - [26/Mar/2026:13:01:56 +0900] "POST /login HTTP/1.1" 401 166 "-" "Mozilla/5.0 (X11; Linux x86_64; rv:109.0) Gecko/20100101 Firefox/121.0"
198.51.100.77 - - [26/Mar/2026:13:03:08 +0900] "POST /login HTTP/1.1" 401 241 "-" "Mozilla/5.0 (X11; Linux x86_64; rv:109.0) Gecko/20100101 Firefox/121.0"
185.220.101.33 - - [26/Mar/2026:11:17:00 +0900] "GET /login?username=admin'%20OR%20'1'%3D'1'--&password=x HTTP/1.1" 200 977 "-" "sqlmap/1.7.12#stable (https://sqlmap.org)"
10.0.1.51 - - [26/Mar/2026:10:46:58 +0900] "POST /api/users HTTP/1.1" 200 39470 "-" "Mozilla/5.0 (Windows NT 10.0; Win64; x64) AppleWebKit/537.36 Chrome/120.0.0.0"
192.168.1.12 - - [26/Mar/2026:13:20:45 +0900] "POST /login HTTP/1.1" 200 38371 "-" "Mozilla/5.0 (Macintosh; Intel Mac OS X 10_15_7) AppleWebKit/537.36 Safari/537.36"
198.51.100.77 - - [26/Mar/2026:13:02:44 +0900] "POST /login HTTP/1.1" 401 421 "-" "Mozilla/5.0 (Windows NT 10.0; Win64; x64) AppleWebKit/537.36 Chrome/120.0.0.0"
10.0.1.52 - - [26/Mar/2026:14:04:53 +0900] "POST /api/products HTTP/1.1" 200 17383 "-" "Mozilla/5.0 (Macintosh; Intel Mac OS X 10_15_7) AppleWebKit/537.36 Safari/537.36"
192.168.1.10 - - [26/Mar/2026:10:43:31 +0900] "POST /index.html HTTP/1.1" 200 3101 "-" "Mozilla/5.0 (X11; Linux x86_64; rv:109.0) Gecko/20100101 Firefox/121.0"
10.0.1.52 - - [26/Mar/2026:14:10:02 +0900] "GET /about HTTP/1.1" 200 8321 "-" "Mozilla/5.0 (Macintosh; Intel Mac OS X 10_15_7) AppleWebKit/537.36 Safari/537.36"
10.0.1.52 - - [26/Mar/2026:11:53:04 +0900] "POST /api/status HTTP/1.1" 200 5837 "-" "Mozilla/5.0 (Windows NT 10.0; Win64; x64) AppleWebKit/537.36 Chrome/120.0.0.0"
192.168.1.10 - - [26/Mar/2026:11:06:19 +0900] "GET /api/status HTTP/1.1" 200 19208 "-" "Mozilla/5.0 (Macintosh; Intel Mac OS X 10_15_7) AppleWebKit/537.36 Safari/537.36"
192.168.1.11 - - [26/Mar/2026:11:32:00 +0900] "POST /health HTTP/1.1" 304 16223 "-" "Mozilla/5.0 (Macintosh; Intel Mac OS X 10_15_7) AppleWebKit/537.36 Safari/537.36"
10.0.1.50 - - [26/Mar/2026:11:45:51 +0900] "GET / HTTP/1.1" 200 17449 "-" "Mozilla/5.0 (Macintosh; Intel Mac OS X 10_15_7) AppleWebKit/537.36 Safari/537.36"
10.0.2.101 - - [26/Mar/2026:11:57:51 +0900] "POST / HTTP/1.1" 200 48960 "-" "Mozilla/5.0 (Macintosh; Intel Mac OS X 10_15_7) AppleWebKit/537.36 Safari/537.36"
192.168.1.12 - - [26/Mar/2026:11:14:47 +0900] "GET /contact HTTP/1.1" 200 10584 "-" "Mozilla/5.0 (X11; Linux x86_64; rv:109.0) Gecko/20100101 Firefox/121.0"
192.168.1.10 - - [26/Mar/2026:13:22:48 +0900] "GET /js/app.js HTTP/1.1" 200 23414 "-" "Mozilla/5.0 (Windows NT 10.0; Win64; x64) AppleWebKit/537.36 Chrome/120.0.0.0"
198.51.100.77 - - [26/Mar/2026:13:01:46 +0900] "POST /login HTTP/1.1" 401 109 "-" "Mozilla/5.0 (Windows NT 10.0; Win64; x64) AppleWebKit/537.36 Chrome/120.0.0.0"
10.0.1.51 - - [26/Mar/2026:13:31:08 +0900] "GET /css/style.css HTTP/1.1" 301 16014 "-" "Mozilla/5.0 (X11; Linux x86_64; rv:109.0) Gecko/20100101 Firefox/121.0"
10.0.2.101 - - [26/Mar/2026:13:19:29 +0900] "POST /api/status HTTP/1.1" 200 13422 "-" "Mozilla/5.0 (Macintosh; Intel Mac OS X 10_15_7) AppleWebKit/537.36 Safari/537.36"
10.0.1.51 - - [26/Mar/2026:11:55:01 +0900] "GET /js/app.js HTTP/1.1" 404 46160 "-" "Mozilla/5.0 (Macintosh; Intel Mac OS X 10_15_7) AppleWebKit/537.36 Safari/537.36"
192.168.1.12 - - [26/Mar/2026:11:08:25 +0900] "GET /health HTTP/1.1" 200 4568 "-" "Mozilla/5.0 (X11; Linux x86_64; rv:109.0) Gecko/20100101 Firefox/121.0"
10.0.2.101 - - [26/Mar/2026:11:45:32 +0900] "GET /js/app.js HTTP/1.1" 200 42141 "-" "Mozilla/5.0 (X11; Linux x86_64; rv:109.0) Gecko/20100101 Firefox/121.0"
198.51.100.77 - - [26/Mar/2026:13:02:04 +0900] "POST /login HTTP/1.1" 401 434 "-" "Mozilla/5.0 (Macintosh; Intel Mac OS X 10_15_7) AppleWebKit/537.36 Safari/537.36"
10.0.2.100 - - [26/Mar/2026:11:51:08 +0900] "GET /login HTTP/1.1" 200 26421 "-" "Mozilla/5.0 (Macintosh; Intel Mac OS X 10_15_7) AppleWebKit/537.36 Safari/537.36"
192.168.1.10 - - [26/Mar/2026:09:49:50 +0900] "POST /index.html HTTP/1.1" 200 288 "-" "Mozilla/5.0 (X11; Linux x86_64; rv:109.0) Gecko/20100101 Firefox/121.0"
198.51.100.77 - - [26/Mar/2026:12:20:00 +0900] "GET /api/post?body=javascript:alert('XSS') HTTP/1.1" 200 1842 "-" "Mozilla/5.0 (X11; Linux x86_64; rv:109.0) Gecko/20100101 Firefox/121.0"
198.51.100.77 - - [26/Mar/2026:13:02:10 +0900] "POST /login HTTP/1.1" 401 151 "-" "Mozilla/5.0 (X11; Linux x86_64; rv:109.0) Gecko/20100101 Firefox/121.0"
198.51.100.77 - - [26/Mar/2026:13:01:58 +0900] "POST /login HTTP/1.1" 401 488 "-" "Mozilla/5.0 (Windows NT 10.0; Win64; x64) AppleWebKit/537.36 Chrome/120.0.0.0"
10.0.2.100 - - [26/Mar/2026:09:33:03 +0900] "GET /css/style.css HTTP/1.1" 200 16091 "-" "Mozilla/5.0 (Windows NT 10.0; Win64; x64) AppleWebKit/537.36 Chrome/120.0.0.0"
185.220.101.33 - - [26/Mar/2026:11:05:00 +0900] "GET /api/products?category=1;DROP%20TABLE%20users-- HTTP/1.1" 403 4528 "-" "sqlmap/1.7.12#stable (https://sqlmap.org)"
192.168.1.12 - - [26/Mar/2026:11:37:10 +0900] "GET /api/users HTTP/1.1" 200 19770 "-" "Mozilla/5.0 (Windows NT 10.0; Win64; x64) AppleWebKit/537.36 Chrome/120.0.0.0"
10.0.2.101 - - [26/Mar/2026:11:34:14 +0900] "GET /login HTTP/1.1" 304 27565 "-" "Mozilla/5.0 (X11; Linux x86_64; rv:109.0) Gecko/20100101 Firefox/121.0"
198.51.100.77 - - [26/Mar/2026:13:01:26 +0900] "POST /login HTTP/1.1" 401 216 "-" "Mozilla/5.0 (X11; Linux x86_64; rv:109.0) Gecko/20100101 Firefox/121.0"
192.168.1.10 - - [26/Mar/2026:09:53:23 +0900] "POST /index.html HTTP/1.1" 200 31152 "-" "Mozilla/5.0 (Macintosh; Intel Mac OS X 10_15_7) AppleWebKit/537.36 Safari/537.36"
198.51.100.77 - - [26/Mar/2026:13:00:30 +0900] "POST /login HTTP/1.1" 401 100 "-" "Mozilla/5.0 (Windows NT 10.0; Win64; x64) AppleWebKit/537.36 Chrome/120.0.0.0"
198.51.100.77 - - [26/Mar/2026:13:02:20 +0900] "POST /login HTTP/1.1" 401 141 "-" "Mozilla/5.0 (X11; Linux x86_64; rv:109.0) Gecko/20100101 Firefox/121.0"
10.0.1.52 - - [26/Mar/2026:12:47:30 +0900] "GET /health HTTP/1.1" 200 859 "-" "Mozilla/5.0 (X11; Linux x86_64; rv:109.0) Gecko/20100101 Firefox/121.0"
10.0.2.100 - - [26/Mar/2026:11:18:58 +0900] "POST /logout HTTP/1.1" 200 7134 "-" "Mozilla/5.0 (Macintosh; Intel Mac OS X 10_15_7) AppleWebKit/537.36 Safari/537.36"
10.0.1.52 - - [26/Mar/2026:14:08:28 +0900] "POST /index.html HTTP/1.1" 304 4831 "-" "Mozilla/5.0 (Windows NT 10.0; Win64; x64) AppleWebKit/537.36 Chrome/120.0.0.0"
192.168.1.10 - - [26/Mar/2026:12:03:17 +0900] "GET /profile HTTP/1.1" 200 14442 "-" "Mozilla/5.0 (Macintosh; Intel Mac OS X 10_15_7) AppleWebKit/537.36 Safari/537.36"
10.0.2.101 - - [26/Mar/2026:10:45:58 +0900] "GET /profile HTTP/1.1" 200 46957 "-" "Mozilla/5.0 (Windows NT 10.0; Win64; x64) AppleWebKit/537.36 Chrome/120.0.0.0"
192.168.1.10 - - [26/Mar/2026:10:14:04 +0900] "POST /api/users HTTP/1.1" 404 37753 "-" "Mozilla/5.0 (Macintosh; Intel Mac OS X 10_15_7) AppleWebKit/537.36 Safari/537.36"
198.51.100.77 - - [26/Mar/2026:11:11:00 +0900] "GET /login?username=admin'--&password=anything HTTP/1.1" 403 711 "-" "sqlmap/1.7.12#stable (https://sqlmap.org)"
198.51.100.77 - - [26/Mar/2026:13:02:14 +0900] "POST /login HTTP/1.1" 401 173 "-" "Mozilla/5.0 (Macintosh; Intel Mac OS X 10_15_7) AppleWebKit/537.36 Safari/537.36"
10.0.2.101 - - [26/Mar/2026:11:01:23 +0900] "POST /health HTTP/1.1" 200 19183 "-" "Mozilla/5.0 (Macintosh; Intel Mac OS X 10_15_7) AppleWebKit/537.36 Safari/537.36"
10.0.2.100 - - [26/Mar/2026:11:41:43 +0900] "POST /about HTTP/1.1" 200 4852 "-" "Mozilla/5.0 (X11; Linux x86_64; rv:109.0) Gecko/20100101 Firefox/121.0"
192.168.1.11 - - [26/Mar/2026:09:22:55 +0900] "POST /index.html HTTP/1.1" 200 274 "-" "Mozilla/5.0 (X11; Linux x86_64; rv:109.0) Gecko/20100101 Firefox/121.0"
192.168.1.11 - - [26/Mar/2026:09:41:15 +0900] "GET /js/app.js HTTP/1.1" 200 1078 "-" "Mozilla/5.0 (X11; Linux x86_64; rv:109.0) Gecko/20100101 Firefox/121.0"
192.168.1.12 - - [26/Mar/2026:10:12:24 +0900] "GET /about HTTP/1.1" 200 39147 "-" "Mozilla/5.0 (Macintosh; Intel Mac OS X 10_15_7) AppleWebKit/537.36 Safari/537.36"
10.0.1.52 - - [26/Mar/2026:12:13:58 +0900] "POST /login HTTP/1.1" 200 24386 "-" "Mozilla/5.0 (Windows NT 10.0; Win64; x64) AppleWebKit/537.36 Chrome/120.0.0.0"
10.0.2.101 - - [26/Mar/2026:13:48:12 +0900] "POST /api/status HTTP/1.1" 304 12259 "-" "Mozilla/5.0 (Macintosh; Intel Mac OS X 10_15_7) AppleWebKit/537.36 Safari/537.36"
10.0.1.50 - - [26/Mar/2026:11:36:14 +0900] "GET /profile HTTP/1.1" 200 36520 "-" "Mozilla/5.0 (Macintosh; Intel Mac OS X 10_15_7) AppleWebKit/537.36 Safari/537.36"
192.168.1.11 - - [26/Mar/2026:14:25:25 +0900] "GET /js/app.js HTTP/1.1" 200 27646 "-" "Mozilla/5.0 (Macintosh; Intel Mac OS X 10_15_7) AppleWebKit/537.36 Safari/537.36"
192.168.1.11 - - [26/Mar/2026:10:24:06 +0900] "GET /logout HTTP/1.1" 200 24991 "-" "Mozilla/5.0 (Macintosh; Intel Mac OS X 10_15_7) AppleWebKit/537.36 Safari/537.36"
185.220.101.33 - - [26/Mar/2026:11:16:00 +0900] "GET /api/users?id=1'%20AND%20(SELECT%20COUNT(*)%20FROM%20users)>0-- HTTP/1.1" 200 408 "-" "sqlmap/1.7.12#stable (https://sqlmap.org)"
10.0.2.101 - - [26/Mar/2026:11:56:34 +0900] "POST /profile HTTP/1.1" 404 24782 "-" "Mozilla/5.0 (Windows NT 10.0; Win64; x64) AppleWebKit/537.36 Chrome/120.0.0.0"
192.168.1.12 - - [26/Mar/2026:09:19:32 +0900] "GET /js/app.js HTTP/1.1" 200 39529 "-" "Mozilla/5.0 (Windows NT 10.0; Win64; x64) AppleWebKit/537.36 Chrome/120.0.0.0"
192.168.1.10 - - [26/Mar/2026:10:16:27 +0900] "GET /logout HTTP/1.1" 200 40824 "-" "Mozilla/5.0 (Macintosh; Intel Mac OS X 10_15_7) AppleWebKit/537.36 Safari/537.36"
10.0.1.50 - - [26/Mar/2026:10:05:09 +0900] "POST /api/users HTTP/1.1" 200 46340 "-" "Mozilla/5.0 (Macintosh; Intel Mac OS X 10_15_7) AppleWebKit/537.36 Safari/537.36"
198.51.100.77 - - [26/Mar/2026:13:01:32 +0900] "POST /login HTTP/1.1" 401 302 "-" "Mozilla/5.0 (Macintosh; Intel Mac OS X 10_15_7) AppleWebKit/537.36 Safari/537.36"
192.168.1.10 - - [26/Mar/2026:11:57:20 +0900] "GET /contact HTTP/1.1" 301 46978 "-" "Mozilla/5.0 (Macintosh; Intel Mac OS X 10_15_7) AppleWebKit/537.36 Safari/537.36"
192.168.1.12 - - [26/Mar/2026:11:59:23 +0900] "GET /api/products HTTP/1.1" 200 10775 "-" "Mozilla/5.0 (Macintosh; Intel Mac OS X 10_15_7) AppleWebKit/537.36 Safari/537.36"
10.0.1.52 - - [26/Mar/2026:11:29:26 +0900] "POST /health HTTP/1.1" 200 34843 "-" "Mozilla/5.0 (X11; Linux x86_64; rv:109.0) Gecko/20100101 Firefox/121.0"
10.0.1.51 - - [26/Mar/2026:14:56:24 +0900] "GET /api/status HTTP/1.1" 200 8865 "-" "Mozilla/5.0 (X11; Linux x86_64; rv:109.0) Gecko/20100101 Firefox/121.0"
10.0.1.50 - - [26/Mar/2026:11:15:03 +0900] "GET /contact HTTP/1.1" 200 2453 "-" "Mozilla/5.0 (X11; Linux x86_64; rv:109.0) Gecko/20100101 Firefox/121.0"
10.0.1.50 - - [26/Mar/2026:14:40:13 +0900] "GET /js/app.js HTTP/1.1" 200 17131 "-" "Mozilla/5.0 (X11; Linux x86_64; rv:109.0) Gecko/20100101 Firefox/121.0"
203.0.113.42 - - [26/Mar/2026:12:16:00 +0900] "GET /comment?text=%3Cimg%20src%3Dx%20onerror%3Dalert(1)%3E HTTP/1.1" 200 2028 "-" "Mozilla/5.0 (X11; Linux x86_64; rv:109.0) Gecko/20100101 Firefox/121.0"
192.168.1.11 - - [26/Mar/2026:14:07:35 +0900] "GET /css/style.css HTTP/1.1" 200 42058 "-" "Mozilla/5.0 (Macintosh; Intel Mac OS X 10_15_7) AppleWebKit/537.36 Safari/537.36"
192.168.1.12 - - [26/Mar/2026:13:35:23 +0900] "GET /profile HTTP/1.1" 200 36448 "-" "Mozilla/5.0 (Macintosh; Intel Mac OS X 10_15_7) AppleWebKit/537.36 Safari/537.36"
10.0.1.51 - - [26/Mar/2026:14:48:23 +0900] "POST /api/products HTTP/1.1" 304 19843 "-" "Mozilla/5.0 (Windows NT 10.0; Win64; x64) AppleWebKit/537.36 Chrome/120.0.0.0"
192.168.1.12 - - [26/Mar/2026:09:07:43 +0900] "POST /index.html HTTP/1.1" 200 11928 "-" "Mozilla/5.0 (X11; Linux x86_64; rv:109.0) Gecko/20100101 Firefox/121.0"
192.168.1.12 - - [26/Mar/2026:12:56:30 +0900] "GET /js/app.js HTTP/1.1" 200 14381 "-" "Mozilla/5.0 (X11; Linux x86_64; rv:109.0) Gecko/20100101 Firefox/121.0"
192.168.1.10 - - [26/Mar/2026:12:30:07 +0900] "POST /api/products HTTP/1.1" 200 47921 "-" "Mozilla/5.0 (Windows NT 10.0; Win64; x64) AppleWebKit/537.36 Chrome/120.0.0.0"
192.168.1.11 - - [26/Mar/2026:12:57:01 +0900] "POST /logout HTTP/1.1" 200 17551 "-" "Mozilla/5.0 (X11; Linux x86_64; rv:109.0) Gecko/20100101 Firefox/121.0"
192.168.1.11 - - [26/Mar/2026:10:47:46 +0900] "POST /contact HTTP/1.1" 304 47605 "-" "Mozilla/5.0 (Windows NT 10.0; Win64; x64) AppleWebKit/537.36 Chrome/120.0.0.0"
192.168.1.12 - - [26/Mar/2026:14:23:19 +0900] "POST /api/users HTTP/1.1" 304 20411 "-" "Mozilla/5.0 (Macintosh; Intel Mac OS X 10_15_7) AppleWebKit/537.36 Safari/537.36"
10.0.2.100 - - [26/Mar/2026:09:55:41 +0900] "GET /images/logo.png HTTP/1.1" 200 10822 "-" "Mozilla/5.0 (Macintosh; Intel Mac OS X 10_15_7) AppleWebKit/537.36 Safari/537.36"
10.0.1.52 - - [26/Mar/2026:10:16:17 +0900] "GET /index.html HTTP/1.1" 304 28844 "-" "Mozilla/5.0 (Macintosh; Intel Mac OS X 10_15_7) AppleWebKit/537.36 Safari/537.36"
10.0.1.51 - - [26/Mar/2026:12:41:31 +0900] "GET /images/logo.png HTTP/1.1" 200 6914 "-" "Mozilla/5.0 (Windows NT 10.0; Win64; x64) AppleWebKit/537.36 Chrome/120.0.0.0"
10.0.1.51 - - [26/Mar/2026:12:38:17 +0900] "GET /images/logo.png HTTP/1.1" 200 44913 "-" "Mozilla/5.0 (Windows NT 10.0; Win64; x64) AppleWebKit/537.36 Chrome/120.0.0.0"
10.0.1.50 - - [26/Mar/2026:09:35:53 +0900] "GET /contact HTTP/1.1" 200 7876 "-" "Mozilla/5.0 (Windows NT 10.0; Win64; x64) AppleWebKit/537.36 Chrome/120.0.0.0"
192.168.1.10 - - [26/Mar/2026:11:36:57 +0900] "GET /health HTTP/1.1" 200 45683 "-" "Mozilla/5.0 (Macintosh; Intel Mac OS X 10_15_7) AppleWebKit/537.36 Safari/537.36"
10.0.1.52 - - [26/Mar/2026:14:36:16 +0900] "GET /css/style.css HTTP/1.1" 200 37984 "-" "Mozilla/5.0 (Windows NT 10.0; Win64; x64) AppleWebKit/537.36 Chrome/120.0.0.0"
198.51.100.77 - - [26/Mar/2026:13:00:42 +0900] "POST /login HTTP/1.1" 401 224 "-" "Mozilla/5.0 (Macintosh; Intel Mac OS X 10_15_7) AppleWebKit/537.36 Safari/537.36"
198.51.100.77 - - [26/Mar/2026:13:01:20 +0900] "POST /login HTTP/1.1" 401 107 "-" "Mozilla/5.0 (Macintosh; Intel Mac OS X 10_15_7) AppleWebKit/537.36 Safari/537.36"
192.168.1.11 - - [26/Mar/2026:12:29:51 +0900] "GET /about HTTP/1.1" 200 25334 "-" "Mozilla/5.0 (X11; Linux x86_64; rv:109.0) Gecko/20100101 Firefox/121.0"
10.0.1.52 - - [26/Mar/2026:14:26:24 +0900] "GET /about HTTP/1.1" 404 48500 "-" "Mozilla/5.0 (Windows NT 10.0; Win64; x64) AppleWebKit/537.36 Chrome/120.0.0.0"
10.0.1.51 - - [26/Mar/2026:09:11:02 +0900] "POST /api/status HTTP/1.1" 200 13011 "-" "Mozilla/5.0 (X11; Linux x86_64; rv:109.0) Gecko/20100101 Firefox/121.0"
10.0.1.50 - - [26/Mar/2026:12:33:58 +0900] "POST /profile HTTP/1.1" 301 17126 "-" "Mozilla/5.0 (Windows NT 10.0; Win64; x64) AppleWebKit/537.36 Chrome/120.0.0.0"
10.0.2.101 - - [26/Mar/2026:09:28:47 +0900] "POST /api/users HTTP/1.1" 304 19461 "-" "Mozilla/5.0 (X11; Linux x86_64; rv:109.0) Gecko/20100101 Firefox/121.0"
10.0.1.52 - - [26/Mar/2026:10:32:06 +0900] "GET /images/logo.png HTTP/1.1" 200 45243 "-" "Mozilla/5.0 (Windows NT 10.0; Win64; x64) AppleWebKit/537.36 Chrome/120.0.0.0"
10.0.1.50 - - [26/Mar/2026:14:55:57 +0900] "POST /dashboard HTTP/1.1" 200 25200 "-" "Mozilla/5.0 (Macintosh; Intel Mac OS X 10_15_7) AppleWebKit/537.36 Safari/537.36"
10.0.1.51 - - [26/Mar/2026:13:49:30 +0900] "GET /index.html HTTP/1.1" 200 12286 "-" "Mozilla/5.0 (Macintosh; Intel Mac OS X 10_15_7) AppleWebKit/537.36 Safari/537.36"
10.0.1.51 - - [26/Mar/2026:11:38:27 +0900] "POST /contact HTTP/1.1" 301 9757 "-" "Mozilla/5.0 (Windows NT 10.0; Win64; x64) AppleWebKit/537.36 Chrome/120.0.0.0"
192.168.1.10 - - [26/Mar/2026:11:47:59 +0900] "GET /images/logo.png HTTP/1.1" 200 28898 "-" "Mozilla/5.0 (Macintosh; Intel Mac OS X 10_15_7) AppleWebKit/537.36 Safari/537.36"
198.51.100.77 - - [26/Mar/2026:13:00:34 +0900] "POST /login HTTP/1.1" 401 381 "-" "Mozilla/5.0 (X11; Linux x86_64; rv:109.0) Gecko/20100101 Firefox/121.0"
198.51.100.77 - - [26/Mar/2026:13:02:58 +0900] "POST /login HTTP/1.1" 401 224 "-" "Mozilla/5.0 (Windows NT 10.0; Win64; x64) AppleWebKit/537.36 Chrome/120.0.0.0"
198.51.100.77 - - [26/Mar/2026:13:00:06 +0900] "POST /login HTTP/1.1" 401 317 "-" "Mozilla/5.0 (Macintosh; Intel Mac OS X 10_15_7) AppleWebKit/537.36 Safari/537.36"
192.168.1.11 - - [26/Mar/2026:10:06:09 +0900] "GET /index.html HTTP/1.1" 200 43850 "-" "Mozilla/5.0 (Windows NT 10.0; Win64; x64) AppleWebKit/537.36 Chrome/120.0.0.0"
192.168.1.12 - - [26/Mar/2026:09:14:16 +0900] "POST /api/products HTTP/1.1" 200 48517 "-" "Mozilla/5.0 (Macintosh; Intel Mac OS X 10_15_7) AppleWebKit/537.36 Safari/537.36"
10.0.1.52 - - [26/Mar/2026:10:49:03 +0900] "GET /health HTTP/1.1" 200 9469 "-" "Mozilla/5.0 (X11; Linux x86_64; rv:109.0) Gecko/20100101 Firefox/121.0"
10.0.1.50 - - [26/Mar/2026:11:31:06 +0900] "POST /logout HTTP/1.1" 304 28966 "-" "Mozilla/5.0 (X11; Linux x86_64; rv:109.0) Gecko/20100101 Firefox/121.0"
10.0.1.51 - - [26/Mar/2026:13:50:29 +0900] "GET /api/status HTTP/1.1" 200 18565 "-" "Mozilla/5.0 (Macintosh; Intel Mac OS X 10_15_7) AppleWebKit/537.36 Safari/537.36"
10.0.1.50 - - [26/Mar/2026:10:44:57 +0900] "POST /logout HTTP/1.1" 304 7228 "-" "Mozilla/5.0 (X11; Linux x86_64; rv:109.0) Gecko/20100101 Firefox/121.0"
192.168.1.12 - - [26/Mar/2026:14:42:59 +0900] "GET / HTTP/1.1" 200 37013 "-" "Mozilla/5.0 (Macintosh; Intel Mac OS X 10_15_7) AppleWebKit/537.36 Safari/537.36"
198.51.100.77 - - [26/Mar/2026:13:01:12 +0900] "POST /login HTTP/1.1" 401 469 "-" "Mozilla/5.0 (Macintosh; Intel Mac OS X 10_15_7) AppleWebKit/537.36 Safari/537.36"
10.0.1.52 - - [26/Mar/2026:13:09:49 +0900] "POST /api/users HTTP/1.1" 200 16575 "-" "Mozilla/5.0 (Macintosh; Intel Mac OS X 10_15_7) AppleWebKit/537.36 Safari/537.36"
198.51.100.77 - - [26/Mar/2026:13:01:42 +0900] "POST /login HTTP/1.1" 401 173 "-" "Mozilla/5.0 (Windows NT 10.0; Win64; x64) AppleWebKit/537.36 Chrome/120.0.0.0"
10.0.2.101 - - [26/Mar/2026:11:00:59 +0900] "POST /contact HTTP/1.1" 200 14007 "-" "Mozilla/5.0 (X11; Linux x86_64; rv:109.0) Gecko/20100101 Firefox/121.0"
198.51.100.77 - - [26/Mar/2026:13:01:10 +0900] "POST /login HTTP/1.1" 401 233 "-" "Mozilla/5.0 (Macintosh; Intel Mac OS X 10_15_7) AppleWebKit/537.36 Safari/537.36"
10.0.2.100 - - [26/Mar/2026:09:26:09 +0900] "POST / HTTP/1.1" 200 45816 "-" "Mozilla/5.0 (X11; Linux x86_64; rv:109.0) Gecko/20100101 Firefox/121.0"
10.0.1.52 - - [26/Mar/2026:11:06:12 +0900] "POST /contact HTTP/1.1" 200 46934 "-" "Mozilla/5.0 (X11; Linux x86_64; rv:109.0) Gecko/20100101 Firefox/121.0"
10.0.2.101 - - [26/Mar/2026:09:13:51 +0900] "POST /dashboard HTTP/1.1" 200 1585 "-" "Mozilla/5.0 (X11; Linux x86_64; rv:109.0) Gecko/20100101 Firefox/121.0"
192.168.1.10 - - [26/Mar/2026:11:40:59 +0900] "POST /profile HTTP/1.1" 200 17377 "-" "Mozilla/5.0 (Macintosh; Intel Mac OS X 10_15_7) AppleWebKit/537.36 Safari/537.36"
10.0.1.51 - - [26/Mar/2026:11:48:24 +0900] "GET /api/products HTTP/1.1" 301 47122 "-" "Mozilla/5.0 (Windows NT 10.0; Win64; x64) AppleWebKit/537.36 Chrome/120.0.0.0"
198.51.100.77 - - [26/Mar/2026:13:00:10 +0900] "POST /login HTTP/1.1" 401 447 "-" "Mozilla/5.0 (Macintosh; Intel Mac OS X 10_15_7) AppleWebKit/537.36 Safari/537.36"
10.0.1.50 - - [26/Mar/2026:12:14:20 +0900] "POST /logout HTTP/1.1" 200 41487 "-" "Mozilla/5.0 (X11; Linux x86_64; rv:109.0) Gecko/20100101 Firefox/121.0"
198.51.100.77 - - [26/Mar/2026:13:02:36 +0900] "POST /login HTTP/1.1" 401 134 "-" "Mozilla/5.0 (Windows NT 10.0; Win64; x64) AppleWebKit/537.36 Chrome/120.0.0.0"
10.0.2.100 - - [26/Mar/2026:13:44:57 +0900] "POST /profile HTTP/1.1" 200 17395 "-" "Mozilla/5.0 (Windows NT 10.0; Win64; x64) AppleWebKit/537.36 Chrome/120.0.0.0"
10.0.1.50 - - [26/Mar/2026:09:48:23 +0900] "POST /api/products HTTP/1.1" 200 38626 "-" "Mozilla/5.0 (Macintosh; Intel Mac OS X 10_15_7) AppleWebKit/537.36 Safari/537.36"
192.168.1.11 - - [26/Mar/2026:11:33:39 +0900] "POST /profile HTTP/1.1" 200 48924 "-" "Mozilla/5.0 (Windows NT 10.0; Win64; x64) AppleWebKit/537.36 Chrome/120.0.0.0"
10.0.1.51 - - [26/Mar/2026:09:26:33 +0900] "GET /js/app.js HTTP/1.1" 200 21125 "-" "Mozilla/5.0 (Windows NT 10.0; Win64; x64) AppleWebKit/537.36 Chrome/120.0.0.0"
192.168.1.12 - - [26/Mar/2026:10:17:51 +0900] "GET /login HTTP/1.1" 200 45687 "-" "Mozilla/5.0 (X11; Linux x86_64; rv:109.0) Gecko/20100101 Firefox/121.0"
10.0.1.50 - - [26/Mar/2026:09:40:03 +0900] "POST /api/status HTTP/1.1" 200 19402 "-" "Mozilla/5.0 (Macintosh; Intel Mac OS X 10_15_7) AppleWebKit/537.36 Safari/537.36"
10.0.1.52 - - [26/Mar/2026:12:22:59 +0900] "GET / HTTP/1.1" 301 37407 "-" "Mozilla/5.0 (Windows NT 10.0; Win64; x64) AppleWebKit/537.36 Chrome/120.0.0.0"
192.168.1.10 - - [26/Mar/2026:09:24:16 +0900] "POST /api/products HTTP/1.1" 200 40130 "-" "Mozilla/5.0 (Windows NT 10.0; Win64; x64) AppleWebKit/537.36 Chrome/120.0.0.0"
10.0.1.51 - - [26/Mar/2026:09:37:39 +0900] "GET /api/users HTTP/1.1" 200 17396 "-" "Mozilla/5.0 (Macintosh; Intel Mac OS X 10_15_7) AppleWebKit/537.36 Safari/537.36"
10.0.1.50 - - [26/Mar/2026:10:24:43 +0900] "POST /logout HTTP/1.1" 301 25079 "-" "Mozilla/5.0 (X11; Linux x86_64; rv:109.0) Gecko/20100101 Firefox/121.0"
192.168.1.11 - - [26/Mar/2026:10:35:49 +0900] "POST /index.html HTTP/1.1" 200 28586 "-" "Mozilla/5.0 (Windows NT 10.0; Win64; x64) AppleWebKit/537.36 Chrome/120.0.0.0"
10.0.2.100 - - [26/Mar/2026:14:47:57 +0900] "POST /login HTTP/1.1" 304 28448 "-" "Mozilla/5.0 (Macintosh; Intel Mac OS X 10_15_7) AppleWebKit/537.36 Safari/537.36"
10.0.1.52 - - [26/Mar/2026:09:06:25 +0900] "GET /login HTTP/1.1" 200 41230 "-" "Mozilla/5.0 (X11; Linux x86_64; rv:109.0) Gecko/20100101 Firefox/121.0"
198.51.100.77 - - [26/Mar/2026:13:01:28 +0900] "POST /login HTTP/1.1" 401 162 "-" "Mozilla/5.0 (Windows NT 10.0; Win64; x64) AppleWebKit/537.36 Chrome/120.0.0.0"
10.0.1.51 - - [26/Mar/2026:12:46:48 +0900] "GET /api/users HTTP/1.1" 301 2782 "-" "Mozilla/5.0 (Windows NT 10.0; Win64; x64) AppleWebKit/537.36 Chrome/120.0.0.0"
10.0.2.100 - - [26/Mar/2026:09:19:21 +0900] "GET / HTTP/1.1" 200 3300 "-" "Mozilla/5.0 (X11; Linux x86_64; rv:109.0) Gecko/20100101 Firefox/121.0"
10.0.1.51 - - [26/Mar/2026:09:16:22 +0900] "POST /api/users HTTP/1.1" 304 48091 "-" "Mozilla/5.0 (Macintosh; Intel Mac OS X 10_15_7) AppleWebKit/537.36 Safari/537.36"
192.168.1.10 - - [26/Mar/2026:11:40:25 +0900] "GET /images/logo.png HTTP/1.1" 200 19592 "-" "Mozilla/5.0 (Windows NT 10.0; Win64; x64) AppleWebKit/537.36 Chrome/120.0.0.0"
198.51.100.77 - - [26/Mar/2026:13:02:06 +0900] "POST /login HTTP/1.1" 401 177 "-" "Mozilla/5.0 (Macintosh; Intel Mac OS X 10_15_7) AppleWebKit/537.36 Safari/537.36"
10.0.1.52 - - [26/Mar/2026:13:03:28 +0900] "GET /contact HTTP/1.1" 200 18299 "-" "Mozilla/5.0 (Windows NT 10.0; Win64; x64) AppleWebKit/537.36 Chrome/120.0.0.0"
10.0.1.50 - - [26/Mar/2026:14:52:56 +0900] "GET /about HTTP/1.1" 200 23466 "-" "Mozilla/5.0 (Macintosh; Intel Mac OS X 10_15_7) AppleWebKit/537.36 Safari/537.36"
10.0.1.52 - - [26/Mar/2026:09:18:16 +0900] "GET /images/logo.png HTTP/1.1" 200 42018 "-" "Mozilla/5.0 (Macintosh; Intel Mac OS X 10_15_7) AppleWebKit/537.36 Safari/537.36"
10.0.1.52 - - [26/Mar/2026:11:15:18 +0900] "POST /health HTTP/1.1" 304 39904 "-" "Mozilla/5.0 (Macintosh; Intel Mac OS X 10_15_7) AppleWebKit/537.36 Safari/537.36"
192.168.1.12 - - [26/Mar/2026:09:37:05 +0900] "GET /images/logo.png HTTP/1.1" 304 32121 "-" "Mozilla/5.0 (Macintosh; Intel Mac OS X 10_15_7) AppleWebKit/537.36 Safari/537.36"
192.168.1.10 - - [26/Mar/2026:11:21:19 +0900] "POST /dashboard HTTP/1.1" 200 9399 "-" "Mozilla/5.0 (Macintosh; Intel Mac OS X 10_15_7) AppleWebKit/537.36 Safari/537.36"
192.168.1.10 - - [26/Mar/2026:11:59:17 +0900] "GET /css/style.css HTTP/1.1" 304 30460 "-" "Mozilla/5.0 (X11; Linux x86_64; rv:109.0) Gecko/20100101 Firefox/121.0"
10.0.2.100 - - [26/Mar/2026:14:32:23 +0900] "POST /api/status HTTP/1.1" 200 33947 "-" "Mozilla/5.0 (X11; Linux x86_64; rv:109.0) Gecko/20100101 Firefox/121.0"
10.0.2.100 - - [26/Mar/2026:09:26:12 +0900] "GET /js/app.js HTTP/1.1" 200 44232 "-" "Mozilla/5.0 (Macintosh; Intel Mac OS X 10_15_7) AppleWebKit/537.36 Safari/537.36"
198.51.100.77 - - [26/Mar/2026:13:02:38 +0900] "POST /login HTTP/1.1" 401 477 "-" "Mozilla/5.0 (Macintosh; Intel Mac OS X 10_15_7) AppleWebKit/537.36 Safari/537.36"
10.0.2.100 - - [26/Mar/2026:14:37:09 +0900] "GET /js/app.js HTTP/1.1" 200 40506 "-" "Mozilla/5.0 (X11; Linux x86_64; rv:109.0) Gecko/20100101 Firefox/121.0"
10.0.1.51 - - [26/Mar/2026:09:07:45 +0900] "GET /api/status HTTP/1.1" 200 21793 "-" "Mozilla/5.0 (Macintosh; Intel Mac OS X 10_15_7) AppleWebKit/537.36 Safari/537.36"
10.0.2.100 - - [26/Mar/2026:10:25:37 +0900] "POST /about HTTP/1.1" 200 1285 "-" "Mozilla/5.0 (Macintosh; Intel Mac OS X 10_15_7) AppleWebKit/537.36 Safari/537.36"
192.168.1.11 - - [26/Mar/2026:13:52:31 +0900] "POST /contact HTTP/1.1" 304 32453 "-" "Mozilla/5.0 (X11; Linux x86_64; rv:109.0) Gecko/20100101 Firefox/121.0"
192.168.1.10 - - [26/Mar/2026:12:18:54 +0900] "GET /css/style.css HTTP/1.1" 200 16498 "-" "Mozilla/5.0 (Macintosh; Intel Mac OS X 10_15_7) AppleWebKit/537.36 Safari/537.36"
10.0.1.50 - - [26/Mar/2026:10:32:57 +0900] "POST /logout HTTP/1.1" 200 39171 "-" "Mozilla/5.0 (X11; Linux x86_64; rv:109.0) Gecko/20100101 Firefox/121.0"
